Archive member included to satisfy reference by file (symbol)

C:/ST/STM32CubeIDE_1.13.1/STM32CubeIDE/plugins/com.st.stm32cube.ide.mcu.externaltools.gnu-tools-for-stm32.11.3.rel1.win32_1.1.0.202305231506/tools/bin/../lib/gcc/arm-none-eabi/11.3.1/../../../../arm-none-eabi/lib/thumb/v7-m/nofp\libc_nano.a(libc_a-exit.o)
                              C:/ST/STM32CubeIDE_1.13.1/STM32CubeIDE/plugins/com.st.stm32cube.ide.mcu.externaltools.gnu-tools-for-stm32.11.3.rel1.win32_1.1.0.202305231506/tools/bin/../lib/gcc/arm-none-eabi/11.3.1/../../../../arm-none-eabi/lib/thumb/v7-m/nofp/crt0.o (exit)
C:/ST/STM32CubeIDE_1.13.1/STM32CubeIDE/plugins/com.st.stm32cube.ide.mcu.externaltools.gnu-tools-for-stm32.11.3.rel1.win32_1.1.0.202305231506/tools/bin/../lib/gcc/arm-none-eabi/11.3.1/../../../../arm-none-eabi/lib/thumb/v7-m/nofp\libc_nano.a(libc_a-findfp.o)
                              C:/ST/STM32CubeIDE_1.13.1/STM32CubeIDE/plugins/com.st.stm32cube.ide.mcu.externaltools.gnu-tools-for-stm32.11.3.rel1.win32_1.1.0.202305231506/tools/bin/../lib/gcc/arm-none-eabi/11.3.1/../../../../arm-none-eabi/lib/thumb/v7-m/nofp\libc_nano.a(libc_a-exit.o) (__stdio_exit_handler)
C:/ST/STM32CubeIDE_1.13.1/STM32CubeIDE/plugins/com.st.stm32cube.ide.mcu.externaltools.gnu-tools-for-stm32.11.3.rel1.win32_1.1.0.202305231506/tools/bin/../lib/gcc/arm-none-eabi/11.3.1/../../../../arm-none-eabi/lib/thumb/v7-m/nofp\libc_nano.a(libc_a-fwalk.o)
                              C:/ST/STM32CubeIDE_1.13.1/STM32CubeIDE/plugins/com.st.stm32cube.ide.mcu.externaltools.gnu-tools-for-stm32.11.3.rel1.win32_1.1.0.202305231506/tools/bin/../lib/gcc/arm-none-eabi/11.3.1/../../../../arm-none-eabi/lib/thumb/v7-m/nofp\libc_nano.a(libc_a-findfp.o) (_fwalk_sglue)
C:/ST/STM32CubeIDE_1.13.1/STM32CubeIDE/plugins/com.st.stm32cube.ide.mcu.externaltools.gnu-tools-for-stm32.11.3.rel1.win32_1.1.0.202305231506/tools/bin/../lib/gcc/arm-none-eabi/11.3.1/../../../../arm-none-eabi/lib/thumb/v7-m/nofp\libc_nano.a(libc_a-stdio.o)
                              C:/ST/STM32CubeIDE_1.13.1/STM32CubeIDE/plugins/com.st.stm32cube.ide.mcu.externaltools.gnu-tools-for-stm32.11.3.rel1.win32_1.1.0.202305231506/tools/bin/../lib/gcc/arm-none-eabi/11.3.1/../../../../arm-none-eabi/lib/thumb/v7-m/nofp\libc_nano.a(libc_a-findfp.o) (__sread)
C:/ST/STM32CubeIDE_1.13.1/STM32CubeIDE/plugins/com.st.stm32cube.ide.mcu.externaltools.gnu-tools-for-stm32.11.3.rel1.win32_1.1.0.202305231506/tools/bin/../lib/gcc/arm-none-eabi/11.3.1/../../../../arm-none-eabi/lib/thumb/v7-m/nofp\libc_nano.a(libc_a-memset.o)
                              C:/ST/STM32CubeIDE_1.13.1/STM32CubeIDE/plugins/com.st.stm32cube.ide.mcu.externaltools.gnu-tools-for-stm32.11.3.rel1.win32_1.1.0.202305231506/tools/bin/../lib/gcc/arm-none-eabi/11.3.1/../../../../arm-none-eabi/lib/thumb/v7-m/nofp/crt0.o (memset)
C:/ST/STM32CubeIDE_1.13.1/STM32CubeIDE/plugins/com.st.stm32cube.ide.mcu.externaltools.gnu-tools-for-stm32.11.3.rel1.win32_1.1.0.202305231506/tools/bin/../lib/gcc/arm-none-eabi/11.3.1/../../../../arm-none-eabi/lib/thumb/v7-m/nofp\libc_nano.a(libc_a-closer.o)
                              C:/ST/STM32CubeIDE_1.13.1/STM32CubeIDE/plugins/com.st.stm32cube.ide.mcu.externaltools.gnu-tools-for-stm32.11.3.rel1.win32_1.1.0.202305231506/tools/bin/../lib/gcc/arm-none-eabi/11.3.1/../../../../arm-none-eabi/lib/thumb/v7-m/nofp\libc_nano.a(libc_a-stdio.o) (_close_r)
C:/ST/STM32CubeIDE_1.13.1/STM32CubeIDE/plugins/com.st.stm32cube.ide.mcu.externaltools.gnu-tools-for-stm32.11.3.rel1.win32_1.1.0.202305231506/tools/bin/../lib/gcc/arm-none-eabi/11.3.1/../../../../arm-none-eabi/lib/thumb/v7-m/nofp\libc_nano.a(libc_a-reent.o)
                              C:/ST/STM32CubeIDE_1.13.1/STM32CubeIDE/plugins/com.st.stm32cube.ide.mcu.externaltools.gnu-tools-for-stm32.11.3.rel1.win32_1.1.0.202305231506/tools/bin/../lib/gcc/arm-none-eabi/11.3.1/../../../../arm-none-eabi/lib/thumb/v7-m/nofp\libc_nano.a(libc_a-closer.o) (errno)
C:/ST/STM32CubeIDE_1.13.1/STM32CubeIDE/plugins/com.st.stm32cube.ide.mcu.externaltools.gnu-tools-for-stm32.11.3.rel1.win32_1.1.0.202305231506/tools/bin/../lib/gcc/arm-none-eabi/11.3.1/../../../../arm-none-eabi/lib/thumb/v7-m/nofp\libc_nano.a(libc_a-impure.o)
                              C:/ST/STM32CubeIDE_1.13.1/STM32CubeIDE/plugins/com.st.stm32cube.ide.mcu.externaltools.gnu-tools-for-stm32.11.3.rel1.win32_1.1.0.202305231506/tools/bin/../lib/gcc/arm-none-eabi/11.3.1/../../../../arm-none-eabi/lib/thumb/v7-m/nofp\libc_nano.a(libc_a-reent.o) (_impure_ptr)
C:/ST/STM32CubeIDE_1.13.1/STM32CubeIDE/plugins/com.st.stm32cube.ide.mcu.externaltools.gnu-tools-for-stm32.11.3.rel1.win32_1.1.0.202305231506/tools/bin/../lib/gcc/arm-none-eabi/11.3.1/../../../../arm-none-eabi/lib/thumb/v7-m/nofp\libc_nano.a(libc_a-lseekr.o)
[...]
Memory Configuration

Name             Origin             Length             Attributes
RAM              0x0000000020000000 0x0000000000005000 xrw
FLASH            0x0000000008000000 0x0000000000010000 xr
*default*        0x0000000000000000 0xffffffffffffffff

Linker script and memory map

LOAD C:/ST/STM32CubeIDE_1.13.1/STM32CubeIDE/plugins/com.st.stm32cube.ide.mcu.externaltools.gnu-tools-for-stm32.11.3.rel1.win32_1.1.0.202305231506/tools/bin/../lib/gcc/arm-none-eabi/11.3.1/thumb/v7-m/nofp/crti.o
LOAD C:/ST/STM32CubeIDE_1.13.1/STM32CubeIDE/plugins/com.st.stm32cube.ide.mcu.externaltools.gnu-tools-for-stm32.11.3.rel1.win32_1.1.0.202305231506/tools/bin/../lib/gcc/arm-none-eabi/11.3.1/thumb/v7-m/nofp/crtbegin.o
LOAD C:/ST/STM32CubeIDE_1.13.1/STM32CubeIDE/plugins/com.st.stm32cube.ide.mcu.externaltools.gnu-tools-for-stm32.11.3.rel1.win32_1.1.0.202305231506/tools/bin/../lib/gcc/arm-none-eabi/11.3.1/../../../../arm-none-eabi/lib/thumb/v7-m/nofp/crt0.o
LOAD ./Core/Src/GPIO_program.o
LOAD ./Core/Src/LCD_interface.o
LOAD ./Core/Src/RCC_program.o
LOAD ./Core/Src/adc.o
LOAD ./Core/Src/freertos.o
LOAD ./Core/Src/gpio.o
LOAD ./Core/Src/main.o
LOAD ./Core/Src/stm32f1xx_hal_msp.o
LOAD ./Core/Src/stm32f1xx_it.o
LOAD ./Core/Src/syscalls.o
LOAD ./Core/Src/sysmem.o
LOAD ./Core/Src/system_stm32f1xx.o
LOAD ./Core/Src/tim.o
LOAD ./Core/Startup/startup_stm32f103c8tx.o
LOAD ./Drivers/STM32F1xx_HAL_Driver/Src/stm32f1xx_hal.o
LOAD ./Drivers/STM32F1xx_HAL_Driver/Src/stm32f1xx_hal_adc.o
LOAD ./Drivers/STM32F1xx_HAL_Driver/Src/stm32f1xx_hal_adc_ex.o
LOAD ./Drivers/STM32F1xx_HAL_Driver/Src/stm32f1xx_hal_cortex.o
LOAD ./Drivers/STM32F1xx_HAL_Driver/Src/stm32f1xx_hal_dma.o
LOAD ./Drivers/STM32F1xx_HAL_Driver/Src/stm32f1xx_hal_exti.o
LOAD ./Drivers/STM32F1xx_HAL_Driver/Src/stm32f1xx_hal_flash.o
LOAD ./Drivers/STM32F1xx_HAL_Driver/Src/stm32f1xx_hal_flash_ex.o
LOAD ./Drivers/STM32F1xx_HAL_Driver/Src/stm32f1xx_hal_gpio.o
LOAD ./Drivers/STM32F1xx_HAL_Driver/Src/stm32f1xx_hal_gpio_ex.o
LOAD ./Drivers/STM32F1xx_HAL_Driver/Src/stm32f1xx_hal_pwr.o
LOAD ./Drivers/STM32F1xx_HAL_Driver/Src/stm32f1xx_hal_rcc.o
LOAD ./Drivers/STM32F1xx_HAL_Driver/Src/stm32f1xx_hal_rcc_ex.o
LOAD ./Drivers/STM32F1xx_HAL_Driver/Src/stm32f1xx_hal_tim.o
LOAD ./Drivers/STM32F1xx_HAL_Driver/Src/stm32f1xx_hal_tim_ex.o
LOAD ./Middlewares/Third_Party/FreeRTOS/Source/CMSIS_RTOS_V2/cmsis_os2.o
LOAD ./Middlewares/Third_Party/FreeRTOS/Source/croutine.o
LOAD ./Middlewares/Third_Party/FreeRTOS/Source/event_groups.o
LOAD ./Middlewares/Third_Party/FreeRTOS/Source/list.o
LOAD ./Middlewares/Third_Party/FreeRTOS/Source/queue.o
LOAD ./Middlewares/Third_Party/FreeRTOS/Source/stream_buffer.o
LOAD ./Middlewares/Third_Party/FreeRTOS/Source/tasks.o
LOAD ./Middlewares/Third_Party/FreeRTOS/Source/timers.o
LOAD ./Middlewares/Third_Party/FreeRTOS/Source/portable/GCC/ARM_CM3/port.o
LOAD ./Middlewares/Third_Party/FreeRTOS/Source/portable/MemMang/heap_4.o
START GROUP
LOAD C:/ST/STM32CubeIDE_1.13.1/STM32CubeIDE/plugins/com.st.stm32cube.ide.mcu.externaltools.gnu-tools-for-stm32.11.3.rel1.win32_1.1.0.202305231506/tools/bin/../lib/gcc/arm-none-eabi/11.3.1/../../../../arm-none-eabi/lib/thumb/v7-m/nofp\libc_nano.a
LOAD C:/ST/STM32CubeIDE_1.13.1/STM32CubeIDE/plugins/com.st.stm32cube.ide.mcu.externaltools.gnu-tools-for-stm32.11.3.rel1.win32_1.1.0.202305231506/tools/bin/../lib/gcc/arm-none-eabi/11.3.1/../../../../arm-none-eabi/lib/thumb/v7-m/nofp\libm.a
END GROUP
START GROUP
LOAD C:/ST/STM32CubeIDE_1.13.1/STM32CubeIDE/plugins/com.st.stm32cube.ide.mcu.externaltools.gnu-tools-for-stm32.11.3.rel1.win32_1.1.0.202305231506/tools/bin/../lib/gcc/arm-none-eabi/11.3.1/thumb/v7-m/nofp\libgcc.a
LOAD C:/ST/STM32CubeIDE_1.13.1/STM32CubeIDE/plugins/com.st.stm32cube.ide.mcu.externaltools.gnu-tools-for-stm32.11.3.rel1.win32_1.1.0.202305231506/tools/bin/../lib/gcc/arm-none-eabi/11.3.1/../../../../arm-none-eabi/lib/thumb/v7-m/nofp\libc_nano.a
END GROUP
START GROUP
LOAD C:/ST/STM32CubeIDE_1.13.1/STM32CubeIDE/plugins/com.st.stm32cube.ide.mcu.externaltools.gnu-tools-for-stm32.11.3.rel1.win32_1.1.0.202305231506/tools/bin/../lib/gcc/arm-none-eabi/11.3.1/thumb/v7-m/nofp\libgcc.a
LOAD C:/ST/STM32CubeIDE_1.13.1/STM32CubeIDE/plugins/com.st.stm32cube.ide.mcu.externaltools.gnu-tools-for-stm32.11.3.rel1.win32_1.1.0.202305231506/tools/bin/../lib/gcc/arm-none-eabi/11.3.1/../../../../arm-none-eabi/lib/thumb/v7-m/nofp\libc_nano.a
LOAD C:/ST/STM32CubeIDE_1.13.1/STM32CubeIDE/plugins/com.st.stm32cube.ide.mcu.externaltools.gnu-tools-for-stm32.11.3.rel1.win32_1.1.0.202305231506/tools/bin/../lib/gcc/arm-none-eabi/11.3.1/../../../../arm-none-eabi/lib/thumb/v7-m/nofp\libnosys.a
END GROUP
START GROUP
LOAD C:/ST/STM32CubeIDE_1.13.1/STM32CubeIDE/plugins/com.st.stm32cube.ide.mcu.externaltools.gnu-tools-for-stm32.11.3.rel1.win32_1.1.0.202305231506/tools/bin/../lib/gcc/arm-none-eabi/11.3.1/thumb/v7-m/nofp\libgcc.a
LOAD C:/ST/STM32CubeIDE_1.13.1/STM32CubeIDE/plugins/com.st.stm32cube.ide.mcu.externaltools.gnu-tools-for-stm32.11.3.rel1.win32_1.1.0.202305231506/tools/bin/../lib/gcc/arm-none-eabi/11.3.1/../../../../arm-none-eabi/lib/thumb/v7-m/nofp\libc_nano.a
LOAD C:/ST/STM32CubeIDE_1.13.1/STM32CubeIDE/plugins/com.st.stm32cube.ide.mcu.externaltools.gnu-tools-for-stm32.11.3.rel1.win32_1.1.0.202305231506/tools/bin/../lib/gcc/arm-none-eabi/11.3.1/../../../../arm-none-eabi/lib/thumb/v7-m/nofp\libnosys.a
END GROUP
LOAD C:/ST/STM32CubeIDE_1.13.1/STM32CubeIDE/plugins/com.st.stm32cube.ide.mcu.externaltools.gnu-tools-for-stm32.11.3.rel1.win32_1.1.0.202305231506/tools/bin/../lib/gcc/arm-none-eabi/11.3.1/thumb/v7-m/nofp/crtend.o
LOAD C:/ST/STM32CubeIDE_1.13.1/STM32CubeIDE/plugins/com.st.stm32cube.ide.mcu.externaltools.gnu-tools-for-stm32.11.3.rel1.win32_1.1.0.202305231506/tools/bin/../lib/gcc/arm-none-eabi/11.3.1/thumb/v7-m/nofp/crtn.o
                0x0000000020005000                _estack = (ORIGIN (RAM) + LENGTH (RAM))
                0x0000000000000200                _Min_Heap_Size = 0x200
                0x0000000000000400                _Min_Stack_Size = 0x400

.isr_vector     0x0000000008000000      0x10c
                0x0000000008000000                . = ALIGN (0x4)
 *(.isr_vector)
 .isr_vector    0x0000000008000000      0x10c ./Core/Startup/startup_stm32f103c8tx.o
                0x0000000008000000                g_pfnVectors
                0x000000000800010c                . = ALIGN (0x4)

.text           0x0000000008000110     0x7448
                0x0000000008000110                . = ALIGN (0x4)
 *(.text)
 .text          0x0000000008000110       0x40 C:/ST/STM32CubeIDE_1.13.1/STM32CubeIDE/plugins/com.st.stm32cube.ide.mcu.externaltools.gnu-tools-for-stm32.11.3.rel1.win32_1.1.0.202305231506/tools/bin/../lib/gcc/arm-none-eabi/11.3.1/thumb/v7-m/nofp/crtbegin.o
 *(.text*)
 .text.MGPIO_voidSetPinMode
                0x0000000008000150      0x214 ./Core/Src/GPIO_program.o
                0x0000000008000150                MGPIO_voidSetPinMode
 .text.MGPIO_voidSetPinValue
                0x0000000008000364       0xb4 ./Core/Src/GPIO_program.o
                0x0000000008000364                MGPIO_voidSetPinValue
 .text.LCD_Init
                0x0000000008000418       0x92 ./Core/Src/LCD_interface.o
                0x0000000008000418                LCD_Init
 .text.LCD_Send_Command
                0x00000000080004aa      0x14a ./Core/Src/LCD_interface.o
                0x00000000080004aa                LCD_Send_Command
 .text.LCD_Send_Char
                0x00000000080005f4      0x14a ./Core/Src/LCD_interface.o
                0x00000000080005f4                LCD_Send_Char
 .text.LCD_Send_String
                0x000000000800073e       0x2a ./Core/Src/LCD_interface.o
                0x000000000800073e                LCD_Send_String
 .text.LCD_Send_String_Pos
                0x0000000008000768       0x2a ./Core/Src/LCD_interface.o
                0x0000000008000768                LCD_Send_String_Pos
 *fill*         0x0000000008000792        0x2 
 .text.LCD_Send_Number
                0x0000000008000794       0x8c ./Core/Src/LCD_interface.o
                0x0000000008000794                LCD_Send_Number
 .text.LCD_Send_Number_Pos
                0x0000000008000820       0x30 ./Core/Src/LCD_interface.o
                0x0000000008000820                LCD_Send_Number_Pos
 .text.Trigger_Enable
                0x0000000008000850       0x4e ./Core/Src/LCD_interface.o
 .text.Set_Cursor_Pos
                0x000000000800089e       0x46 ./Core/Src/LCD_interface.o
 .text.MRCC_voidPeripheralClockEnable
                0x00000000080008e4       0x74 ./Core/Src/RCC_program.o
                0x00000000080008e4                MRCC_voidPeripheralClockEnable
 .text.MX_ADC1_Init
                0x0000000008000958       0xa0 ./Core/Src/adc.o
                0x0000000008000958                MX_ADC1_Init
 .text.HAL_ADC_MspInit
                0x00000000080009f8       0x88 ./Core/Src/adc.o
                0x00000000080009f8                HAL_ADC_MspInit
 .text.MX_FREERTOS_Init
                0x0000000008000a80      0x108 ./Core/Src/freertos.o
                0x0000000008000a80                MX_FREERTOS_Init
 .text.Keypad_Task
                0x0000000008000b88       0xc8 ./Core/Src/freertos.o
                0x0000000008000b88                Keypad_Task
 .text.Password_Task
                0x0000000008000c50      0x114 ./Core/Src/freertos.o
                0x0000000008000c50                Password_Task
 .text.Temperature_Task
                0x0000000008000d64       0xb8 ./Core/Src/freertos.o
                0x0000000008000d64                Temperature_Task
 .text.Light_Task
                0x0000000008000e1c       0x9c ./Core/Src/freertos.o
                0x0000000008000e1c                Light_Task
 .text.Window_Task
                0x0000000008000eb8       0x84 ./Core/Src/freertos.o
                0x0000000008000eb8                Window_Task
 .text.CheckPassword
                0x0000000008000f3c       0x50 ./Core/Src/freertos.o
                0x0000000008000f3c                CheckPassword
 .text.FanSpeed
                0x0000000008000f8c       0x4c ./Core/Src/freertos.o
                0x0000000008000f8c                FanSpeed
 .text.MX_GPIO_Init
                0x0000000008000fd8       0x6c ./Core/Src/gpio.o
                0x0000000008000fd8                MX_GPIO_Init
 .text.main     0x0000000008001044       0x6c ./Core/Src/main.o
                0x0000000008001044                main
 .text.SystemClock_Config
                0x00000000080010b0       0xa0 ./Core/Src/main.o
                0x00000000080010b0                SystemClock_Config
 .text.HAL_ADC_ConvCpltCallback
                0x0000000008001150       0x60 ./Core/Src/main.o
                0x0000000008001150                HAL_ADC_ConvCpltCallback
 .text.Error_Handler
                0x00000000080011b0        0xa ./Core/Src/main.o
                0x00000000080011b0                Error_Handler
 *fill*         0x00000000080011ba        0x2 
 .text.HAL_MspInit
                0x00000000080011bc       0x50 ./Core/Src/stm32f1xx_hal_msp.o
                0x00000000080011bc                HAL_MspInit
 .text.NMI_Handler
                0x000000000800120c        0x6 ./Core/Src/stm32f1xx_it.o
                0x000000000800120c                NMI_Handler
 .text.HardFault_Handler
                0x0000000008001212        0x6 ./Core/Src/stm32f1xx_it.o
                0x0000000008001212                HardFault_Handler
 .text.MemManage_Handler
                0x0000000008001218        0x6 ./Core/Src/stm32f1xx_it.o
                0x0000000008001218                MemManage_Handler
 .text.BusFault_Handler
                0x000000000800121e        0x6 ./Core/Src/stm32f1xx_it.o
                0x000000000800121e                BusFault_Handler
 .text.UsageFault_Handler
                0x0000000008001224        0x6 ./Core/Src/stm32f1xx_it.o
                0x0000000008001224                UsageFault_Handler
 .text.DebugMon_Handler
                0x000000000800122a        0xc ./Core/Src/stm32f1xx_it.o
                0x000000000800122a                DebugMon_Handler
 .text.SysTick_Handler
                0x0000000008001236       0x1a ./Core/Src/stm32f1xx_it.o
                0x0000000008001236                SysTick_Handler
 .text.ADC1_2_IRQHandler
                0x0000000008001250       0x14 ./Core/Src/stm32f1xx_it.o
                0x0000000008001250                ADC1_2_IRQHandler
 .text.SystemInit
                0x0000000008001264        0xc ./Core/Src/system_stm32f1xx.o
                0x0000000008001264                SystemInit
 .text.MX_TIM1_Init
                0x0000000008001270      0x140 ./Core/Src/tim.o
                0x0000000008001270                MX_TIM1_Init
 .text.HAL_TIM_Base_MspInit
                0x00000000080013b0       0x3c ./Core/Src/tim.o
                0x00000000080013b0                HAL_TIM_Base_MspInit
 .text.HAL_TIM_MspPostInit
                0x00000000080013ec       0x68 ./Core/Src/tim.o
                0x00000000080013ec                HAL_TIM_MspPostInit
 .text.Reset_Handler
                0x0000000008001454       0x48 ./Core/Startup/startup_stm32f103c8tx.o
                0x0000000008001454                Reset_Handler
 .text.Default_Handler
                0x000000000800149c        0x2 ./Core/Startup/startup_stm32f103c8tx.o
                0x000000000800149c                RTC_Alarm_IRQHandler
                0x000000000800149c                EXTI2_IRQHandler
                0x000000000800149c                TIM1_CC_IRQHandler
                0x000000000800149c                PVD_IRQHandler
                0x000000000800149c                EXTI3_IRQHandler
                0x000000000800149c                EXTI0_IRQHandler
                0x000000000800149c                I2C2_EV_IRQHandler
                0x000000000800149c                SPI1_IRQHandler
                0x000000000800149c                TAMPER_IRQHandler
                0x000000000800149c                DMA1_Channel4_IRQHandler
                0x000000000800149c                USART3_IRQHandler
                0x000000000800149c                RTC_IRQHandler
                0x000000000800149c                DMA1_Channel7_IRQHandler
                0x000000000800149c                CAN1_RX1_IRQHandler
                0x000000000800149c                TIM4_IRQHandler
                0x000000000800149c                I2C1_EV_IRQHandler
                0x000000000800149c                DMA1_Channel6_IRQHandler
                0x000000000800149c                TIM3_IRQHandler
                0x000000000800149c                RCC_IRQHandler
                0x000000000800149c                TIM1_TRG_COM_IRQHandler
                0x000000000800149c                DMA1_Channel1_IRQHandler
                0x000000000800149c                Default_Handler
                0x000000000800149c                EXTI15_10_IRQHandler
                0x000000000800149c                EXTI9_5_IRQHandler
                0x000000000800149c                SPI2_IRQHandler
                0x000000000800149c                DMA1_Channel5_IRQHandler
                0x000000000800149c                EXTI4_IRQHandler
                0x000000000800149c                USB_LP_CAN1_RX0_IRQHandler
                0x000000000800149c                USB_HP_CAN1_TX_IRQHandler
                0x000000000800149c                DMA1_Channel3_IRQHandler
                0x000000000800149c                TIM1_UP_IRQHandler
                0x000000000800149c                WWDG_IRQHandler
                0x000000000800149c                TIM2_IRQHandler
                0x000000000800149c                TIM1_BRK_IRQHandler
                0x000000000800149c                EXTI1_IRQHandler
                0x000000000800149c                USART2_IRQHandler
                0x000000000800149c                I2C2_ER_IRQHandler
                0x000000000800149c                DMA1_Channel2_IRQHandler
                0x000000000800149c                CAN1_SCE_IRQHandler
                0x000000000800149c                FLASH_IRQHandler
                0x000000000800149c                USART1_IRQHandler
                0x000000000800149c                I2C1_ER_IRQHandler
                0x000000000800149c                USBWakeUp_IRQHandler
 *fill*         0x000000000800149e        0x2 
 .text.HAL_Init
                0x00000000080014a0       0x2c ./Drivers/STM32F1xx_HAL_Driver/Src/stm32f1xx_hal.o
                0x00000000080014a0                HAL_Init
 .text.HAL_InitTick
                0x00000000080014cc       0x60 ./Drivers/STM32F1xx_HAL_Driver/Src/stm32f1xx_hal.o
                0x00000000080014cc                HAL_InitTick
 .text.HAL_IncTick
                0x000000000800152c       0x24 ./Drivers/STM32F1xx_HAL_Driver/Src/stm32f1xx_hal.o
                0x000000000800152c                HAL_IncTick
 .text.HAL_GetTick
                0x0000000008001550       0x14 ./Drivers/STM32F1xx_HAL_Driver/Src/stm32f1xx_hal.o
                0x0000000008001550                HAL_GetTick
 .text.HAL_Delay
                0x0000000008001564       0x48 ./Drivers/STM32F1xx_HAL_Driver/Src/stm32f1xx_hal.o
                0x0000000008001564                HAL_Delay
 .text.HAL_ADC_Init
                0x00000000080015ac      0x1b0 ./Drivers/STM32F1xx_HAL_Driver/Src/stm32f1xx_hal_adc.o
                0x00000000080015ac                HAL_ADC_Init
 .text.HAL_ADC_Start_IT
                0x000000000800175c      0x16c ./Drivers/STM32F1xx_HAL_Driver/Src/stm32f1xx_hal_adc.o
                0x000000000800175c                HAL_ADC_Start_IT
 .text.HAL_ADC_GetValue
                0x00000000080018c8       0x18 ./Drivers/STM32F1xx_HAL_Driver/Src/stm32f1xx_hal_adc.o
                0x00000000080018c8                HAL_ADC_GetValue
 .text.HAL_ADC_IRQHandler
                0x00000000080018e0      0x17e ./Drivers/STM32F1xx_HAL_Driver/Src/stm32f1xx_hal_adc.o
                0x00000000080018e0                HAL_ADC_IRQHandler
 .text.HAL_ADC_LevelOutOfWindowCallback
                0x0000000008001a5e       0x12 ./Drivers/STM32F1xx_HAL_Driver/Src/stm32f1xx_hal_adc.o
                0x0000000008001a5e                HAL_ADC_LevelOutOfWindowCallback
 .text.HAL_ADC_ConfigChannel
                0x0000000008001a70      0x1f0 ./Drivers/STM32F1xx_HAL_Driver/Src/stm32f1xx_hal_adc.o
                0x0000000008001a70                HAL_ADC_ConfigChannel
 .text.ADC_Enable
                0x0000000008001c60       0xb4 ./Drivers/STM32F1xx_HAL_Driver/Src/stm32f1xx_hal_adc.o
                0x0000000008001c60                ADC_Enable
 .text.ADC_ConversionStop_Disable
                0x0000000008001d14       0x82 ./Drivers/STM32F1xx_HAL_Driver/Src/stm32f1xx_hal_adc.o
                0x0000000008001d14                ADC_ConversionStop_Disable
 .text.HAL_ADCEx_InjectedConvCpltCallback
                0x0000000008001d96       0x12 ./Drivers/STM32F1xx_HAL_Driver/Src/stm32f1xx_hal_adc_ex.o
                0x0000000008001d96                HAL_ADCEx_InjectedConvCpltCallback
 .text.__NVIC_SetPriorityGrouping
                0x0000000008001da8       0x48 ./Drivers/STM32F1xx_HAL_Driver/Src/stm32f1xx_hal_cortex.o
 .text.__NVIC_GetPriorityGrouping
                0x0000000008001df0       0x1c ./Drivers/STM32F1xx_HAL_Driver/Src/stm32f1xx_hal_cortex.o
 .text.__NVIC_EnableIRQ
                0x0000000008001e0c       0x38 ./Drivers/STM32F1xx_HAL_Driver/Src/stm32f1xx_hal_cortex.o
 .text.__NVIC_SetPriority
                0x0000000008001e44       0x54 ./Drivers/STM32F1xx_HAL_Driver/Src/stm32f1xx_hal_cortex.o
 .text.NVIC_EncodePriority
                0x0000000008001e98       0x64 ./Drivers/STM32F1xx_HAL_Driver/Src/stm32f1xx_hal_cortex.o
 .text.SysTick_Config
                0x0000000008001efc       0x44 ./Drivers/STM32F1xx_HAL_Driver/Src/stm32f1xx_hal_cortex.o
 .text.HAL_NVIC_SetPriorityGrouping
                0x0000000008001f40       0x16 ./Drivers/STM32F1xx_HAL_Driver/Src/stm32f1xx_hal_cortex.o
                0x0000000008001f40                HAL_NVIC_SetPriorityGrouping
 .text.HAL_NVIC_SetPriority
                0x0000000008001f56       0x38 ./Drivers/STM32F1xx_HAL_Driver/Src/stm32f1xx_hal_cortex.o
                0x0000000008001f56                HAL_NVIC_SetPriority
 .text.HAL_NVIC_EnableIRQ
                0x0000000008001f8e       0x1c ./Drivers/STM32F1xx_HAL_Driver/Src/stm32f1xx_hal_cortex.o
                0x0000000008001f8e                HAL_NVIC_EnableIRQ
 .text.HAL_SYSTICK_Config
                0x0000000008001faa       0x18 ./Drivers/STM32F1xx_HAL_Driver/Src/stm32f1xx_hal_cortex.o
                0x0000000008001faa                HAL_SYSTICK_Config
 *fill*         0x0000000008001fc2        0x2 
 .text.HAL_GPIO_Init
                0x0000000008001fc4      0x308 ./Drivers/STM32F1xx_HAL_Driver/Src/stm32f1xx_hal_gpio.o
                0x0000000008001fc4                HAL_GPIO_Init
 .text.HAL_GPIO_ReadPin
                0x00000000080022cc       0x2e ./Drivers/STM32F1xx_HAL_Driver/Src/stm32f1xx_hal_gpio.o
                0x00000000080022cc                HAL_GPIO_ReadPin
 *fill*         0x00000000080022fa        0x2 
 .text.HAL_RCC_OscConfig
                0x00000000080022fc      0x504 ./Drivers/STM32F1xx_HAL_Driver/Src/stm32f1xx_hal_rcc.o
                0x00000000080022fc                HAL_RCC_OscConfig
 .text.HAL_RCC_ClockConfig
                0x0000000008002800      0x1d4 ./Drivers/STM32F1xx_HAL_Driver/Src/stm32f1xx_hal_rcc.o
                0x0000000008002800                HAL_RCC_ClockConfig
 .text.HAL_RCC_GetSysClockFreq
                0x00000000080029d4       0xa8 ./Drivers/STM32F1xx_HAL_Driver/Src/stm32f1xx_hal_rcc.o
                0x00000000080029d4                HAL_RCC_GetSysClockFreq
 .text.RCC_Delay
                0x0000000008002a7c       0x3c ./Drivers/STM32F1xx_HAL_Driver/Src/stm32f1xx_hal_rcc.o
 .text.HAL_RCCEx_PeriphCLKConfig
                0x0000000008002ab8      0x16c ./Drivers/STM32F1xx_HAL_Driver/Src/stm32f1xx_hal_rcc_ex.o
                0x0000000008002ab8                HAL_RCCEx_PeriphCLKConfig
 .text.HAL_TIM_Base_Init
                0x0000000008002c24       0x9e ./Drivers/STM32F1xx_HAL_Driver/Src/stm32f1xx_hal_tim.o
                0x0000000008002c24                HAL_TIM_Base_Init
 .text.HAL_TIM_PWM_Init
                0x0000000008002cc2       0x9e ./Drivers/STM32F1xx_HAL_Driver/Src/stm32f1xx_hal_tim.o
                0x0000000008002cc2                HAL_TIM_PWM_Init
 .text.HAL_TIM_PWM_MspInit
                0x0000000008002d60       0x12 ./Drivers/STM32F1xx_HAL_Driver/Src/stm32f1xx_hal_tim.o
                0x0000000008002d60                HAL_TIM_PWM_MspInit
 *fill*         0x0000000008002d72        0x2 
 .text.HAL_TIM_PWM_Start
                0x0000000008002d74      0x144 ./Drivers/STM32F1xx_HAL_Driver/Src/stm32f1xx_hal_tim.o
                0x0000000008002d74                HAL_TIM_PWM_Start
 .text.HAL_TIM_PWM_ConfigChannel
                0x0000000008002eb8      0x184 ./Drivers/STM32F1xx_HAL_Driver/Src/stm32f1xx_hal_tim.o
                0x0000000008002eb8                HAL_TIM_PWM_ConfigChannel
 .text.HAL_TIM_ConfigClockSource
                0x000000000800303c      0x18e ./Drivers/STM32F1xx_HAL_Driver/Src/stm32f1xx_hal_tim.o
                0x000000000800303c                HAL_TIM_ConfigClockSource
 *fill*         0x00000000080031ca        0x2 
 .text.TIM_Base_SetConfig
                0x00000000080031cc       0xc4 ./Drivers/STM32F1xx_HAL_Driver/Src/stm32f1xx_hal_tim.o
                0x00000000080031cc                TIM_Base_SetConfig
 .text.TIM_OC1_SetConfig
                0x0000000008003290       0xcc ./Drivers/STM32F1xx_HAL_Driver/Src/stm32f1xx_hal_tim.o
 .text.TIM_OC2_SetConfig
                0x000000000800335c       0xd4 ./Drivers/STM32F1xx_HAL_Driver/Src/stm32f1xx_hal_tim.o
                0x000000000800335c                TIM_OC2_SetConfig
 .text.TIM_OC3_SetConfig
                0x0000000008003430       0xd4 ./Drivers/STM32F1xx_HAL_Driver/Src/stm32f1xx_hal_tim.o
 .text.TIM_OC4_SetConfig
                0x0000000008003504       0x9c ./Drivers/STM32F1xx_HAL_Driver/Src/stm32f1xx_hal_tim.o
 .text.TIM_TI1_ConfigInputStage
                0x00000000080035a0       0x5c ./Drivers/STM32F1xx_HAL_Driver/Src/stm32f1xx_hal_tim.o
 .text.TIM_TI2_ConfigInputStage
                0x00000000080035fc       0x5e ./Drivers/STM32F1xx_HAL_Driver/Src/stm32f1xx_hal_tim.o
 .text.TIM_ITRx_SetConfig
                0x000000000800365a       0x34 ./Drivers/STM32F1xx_HAL_Driver/Src/stm32f1xx_hal_tim.o
 .text.TIM_ETR_SetConfig
                0x000000000800368e       0x3e ./Drivers/STM32F1xx_HAL_Driver/Src/stm32f1xx_hal_tim.o
                0x000000000800368e                TIM_ETR_SetConfig
 .text.TIM_CCxChannelCmd
                0x00000000080036cc       0x48 ./Drivers/STM32F1xx_HAL_Driver/Src/stm32f1xx_hal_tim.o
                0x00000000080036cc                TIM_CCxChannelCmd
 .text.HAL_TIMEx_MasterConfigSynchronization
                0x0000000008003714       0xbc ./Drivers/STM32F1xx_HAL_Driver/Src/stm32f1xx_hal_tim_ex.o
                0x0000000008003714                HAL_TIMEx_MasterConfigSynchronization
 .text.HAL_TIMEx_ConfigBreakDeadTime
                0x00000000080037d0       0xa2 ./Drivers/STM32F1xx_HAL_Driver/Src/stm32f1xx_hal_tim_ex.o
                0x00000000080037d0                HAL_TIMEx_ConfigBreakDeadTime
 *fill*         0x0000000008003872        0x2 
 .text.osKernelInitialize
                0x0000000008003874       0x64 ./Middlewares/Third_Party/FreeRTOS/Source/CMSIS_RTOS_V2/cmsis_os2.o
                0x0000000008003874                osKernelInitialize
 .text.osKernelStart
                0x00000000080038d8       0x68 ./Middlewares/Third_Party/FreeRTOS/Source/CMSIS_RTOS_V2/cmsis_os2.o
                0x00000000080038d8                osKernelStart
 .text.osThreadNew
                0x0000000008003940      0x154 ./Middlewares/Third_Party/FreeRTOS/Source/CMSIS_RTOS_V2/cmsis_os2.o
                0x0000000008003940                osThreadNew
 .text.osDelay  0x0000000008003a94       0x5c ./Middlewares/Third_Party/FreeRTOS/Source/CMSIS_RTOS_V2/cmsis_os2.o
                0x0000000008003a94                osDelay
 .text.osEventFlagsNew
                0x0000000008003af0       0xa4 ./Middlewares/Third_Party/FreeRTOS/Source/CMSIS_RTOS_V2/cmsis_os2.o
                0x0000000008003af0                osEventFlagsNew
 .text.osSemaphoreNew
                0x0000000008003b94      0x138 ./Middlewares/Third_Party/FreeRTOS/Source/CMSIS_RTOS_V2/cmsis_os2.o
                0x0000000008003b94                osSemaphoreNew
 .text.osSemaphoreAcquire
                0x0000000008003ccc       0xcc ./Middlewares/Third_Party/FreeRTOS/Source/CMSIS_RTOS_V2/cmsis_os2.o
                0x0000000008003ccc                osSemaphoreAcquire
 .text.osSemaphoreRelease
                0x0000000008003d98       0xb0 ./Middlewares/Third_Party/FreeRTOS/Source/CMSIS_RTOS_V2/cmsis_os2.o
                0x0000000008003d98                osSemaphoreRelease
 .text.osMessageQueueNew
                0x0000000008003e48      0x10c ./Middlewares/Third_Party/FreeRTOS/Source/CMSIS_RTOS_V2/cmsis_os2.o
                0x0000000008003e48                osMessageQueueNew
 .text.vApplicationGetIdleTaskMemory
                0x0000000008003f54       0x30 ./Middlewares/Third_Party/FreeRTOS/Source/CMSIS_RTOS_V2/cmsis_os2.o
                0x0000000008003f54                vApplicationGetIdleTaskMemory
 .text.vApplicationGetTimerTaskMemory
                0x0000000008003f84       0x30 ./Middlewares/Third_Party/FreeRTOS/Source/CMSIS_RTOS_V2/cmsis_os2.o
                0x0000000008003f84                vApplicationGetTimerTaskMemory
 .text.xEventGroupCreateStatic
                0x0000000008003fb4       0x6e ./Middlewares/Third_Party/FreeRTOS/Source/event_groups.o
                0x0000000008003fb4                xEventGroupCreateStatic
 .text.xEventGroupCreate
                0x0000000008004022       0x34 ./Middlewares/Third_Party/FreeRTOS/Source/event_groups.o
                0x0000000008004022                xEventGroupCreate
 *fill*         0x0000000008004056        0x2 
 .text.xEventGroupWaitBits
                0x0000000008004058      0x19c ./Middlewares/Third_Party/FreeRTOS/Source/event_groups.o
                0x0000000008004058                xEventGroupWaitBits
 .text.xEventGroupSetBits
                0x00000000080041f4      0x116 ./Middlewares/Third_Party/FreeRTOS/Source/event_groups.o
                0x00000000080041f4                xEventGroupSetBits
 .text.prvTestWaitCondition
                0x000000000800430a       0x42 ./Middlewares/Third_Party/FreeRTOS/Source/event_groups.o
 .text.vListInitialise
                0x000000000800434c       0x3e ./Middlewares/Third_Party/FreeRTOS/Source/list.o
                0x000000000800434c                vListInitialise
 .text.vListInitialiseItem
                0x000000000800438a       0x18 ./Middlewares/Third_Party/FreeRTOS/Source/list.o
                0x000000000800438a                vListInitialiseItem
 .text.vListInsertEnd
                0x00000000080043a2       0x46 ./Middlewares/Third_Party/FreeRTOS/Source/list.o
                0x00000000080043a2                vListInsertEnd
 .text.vListInsert
                0x00000000080043e8       0x70 ./Middlewares/Third_Party/FreeRTOS/Source/list.o
                0x00000000080043e8                vListInsert
 .text.uxListRemove
                0x0000000008004458       0x52 ./Middlewares/Third_Party/FreeRTOS/Source/list.o
                0x0000000008004458                uxListRemove
 *fill*         0x00000000080044aa        0x2 
 .text.xQueueGenericReset
                0x00000000080044ac       0xd0 ./Middlewares/Third_Party/FreeRTOS/Source/queue.o
                0x00000000080044ac                xQueueGenericReset
 .text.xQueueGenericCreateStatic
                0x000000000800457c       0xee ./Middlewares/Third_Party/FreeRTOS/Source/queue.o
                0x000000000800457c                xQueueGenericCreateStatic
 .text.xQueueGenericCreate
                0x000000000800466a       0x7c ./Middlewares/Third_Party/FreeRTOS/Source/queue.o
                0x000000000800466a                xQueueGenericCreate
 .text.prvInitialiseNewQueue
                0x00000000080046e6       0x46 ./Middlewares/Third_Party/FreeRTOS/Source/queue.o
 .text.xQueueCreateCountingSemaphoreStatic
                0x000000000800472c       0x6e ./Middlewares/Third_Party/FreeRTOS/Source/queue.o
                0x000000000800472c                xQueueCreateCountingSemaphoreStatic
 .text.xQueueCreateCountingSemaphore
                0x000000000800479a       0x66 ./Middlewares/Third_Party/FreeRTOS/Source/queue.o
                0x000000000800479a                xQueueCreateCountingSemaphore
 .text.xQueueGenericSend
                0x0000000008004800      0x1fc ./Middlewares/Third_Party/FreeRTOS/Source/queue.o
                0x0000000008004800                xQueueGenericSend
 .text.xQueueGenericSendFromISR
                0x00000000080049fc      0x130 ./Middlewares/Third_Party/FreeRTOS/Source/queue.o
                0x00000000080049fc                xQueueGenericSendFromISR
 .text.xQueueGiveFromISR
                0x0000000008004b2c      0x11a ./Middlewares/Third_Party/FreeRTOS/Source/queue.o
                0x0000000008004b2c                xQueueGiveFromISR
 *fill*         0x0000000008004c46        0x2 
 .text.xQueueReceive
                0x0000000008004c48      0x1c0 ./Middlewares/Third_Party/FreeRTOS/Source/queue.o
                0x0000000008004c48                xQueueReceive
 .text.xQueueSemaphoreTake
                0x0000000008004e08      0x218 ./Middlewares/Third_Party/FreeRTOS/Source/queue.o
                0x0000000008004e08                xQueueSemaphoreTake
 .text.xQueueReceiveFromISR
                0x0000000008005020      0x100 ./Middlewares/Third_Party/FreeRTOS/Source/queue.o
                0x0000000008005020                xQueueReceiveFromISR
 .text.vQueueDelete
                0x0000000008005120       0x46 ./Middlewares/Third_Party/FreeRTOS/Source/queue.o
                0x0000000008005120                vQueueDelete
 .text.prvGetDisinheritPriorityAfterTimeout
                0x0000000008005166       0x2e ./Middlewares/Third_Party/FreeRTOS/Source/queue.o
 .text.prvCopyDataToQueue
                0x0000000008005194       0xd4 ./Middlewares/Third_Party/FreeRTOS/Source/queue.o
 .text.prvCopyDataFromQueue
                0x0000000008005268       0x4c ./Middlewares/Third_Party/FreeRTOS/Source/queue.o
 .text.prvUnlockQueue
                0x00000000080052b4       0xa4 ./Middlewares/Third_Party/FreeRTOS/Source/queue.o
 .text.prvIsQueueEmpty
                0x0000000008005358       0x2c ./Middlewares/Third_Party/FreeRTOS/Source/queue.o
 .text.prvIsQueueFull
                0x0000000008005384       0x30 ./Middlewares/Third_Party/FreeRTOS/Source/queue.o
 .text.vQueueAddToRegistry
                0x00000000080053b4       0x50 ./Middlewares/Third_Party/FreeRTOS/Source/queue.o
                0x00000000080053b4                vQueueAddToRegistry
 .text.vQueueUnregisterQueue
                0x0000000008005404       0x54 ./Middlewares/Third_Party/FreeRTOS/Source/queue.o
                0x0000000008005404                vQueueUnregisterQueue
 .text.vQueueWaitForMessageRestricted
                0x0000000008005458       0x68 ./Middlewares/Third_Party/FreeRTOS/Source/queue.o
                0x0000000008005458                vQueueWaitForMessageRestricted
 .text.xTaskCreateStatic
                0x00000000080054c0       0xb8 ./Middlewares/Third_Party/FreeRTOS/Source/tasks.o
                0x00000000080054c0                xTaskCreateStatic
 .text.xTaskCreate
                0x0000000008005578       0x8a ./Middlewares/Third_Party/FreeRTOS/Source/tasks.o
                0x0000000008005578                xTaskCreate
 .text.prvInitialiseNewTask
                0x0000000008005602      0x10e ./Middlewares/Third_Party/FreeRTOS/Source/tasks.o
 .text.prvAddNewTaskToReadyList
                0x0000000008005710       0xe0 ./Middlewares/Third_Party/FreeRTOS/Source/tasks.o
 .text.vTaskDelay
                0x00000000080057f0       0x68 ./Middlewares/Third_Party/FreeRTOS/Source/tasks.o
                0x00000000080057f0                vTaskDelay
 .text.vTaskSuspend
                0x0000000008005858       0xec ./Middlewares/Third_Party/FreeRTOS/Source/tasks.o
                0x0000000008005858                vTaskSuspend
 .text.vTaskStartScheduler
                0x0000000008005944       0xcc ./Middlewares/Third_Party/FreeRTOS/Source/tasks.o
                0x0000000008005944                vTaskStartScheduler
 .text.vTaskSuspendAll
                0x0000000008005a10       0x1c ./Middlewares/Third_Party/FreeRTOS/Source/tasks.o
                0x0000000008005a10                vTaskSuspendAll
 .text.xTaskResumeAll
                0x0000000008005a2c      0x13c ./Middlewares/Third_Party/FreeRTOS/Source/tasks.o
                0x0000000008005a2c                xTaskResumeAll
 .text.xTaskGetTickCount
                0x0000000008005b68       0x1c ./Middlewares/Third_Party/FreeRTOS/Source/tasks.o
                0x0000000008005b68                xTaskGetTickCount
 .text.xTaskIncrementTick
                0x0000000008005b84      0x17c ./Middlewares/Third_Party/FreeRTOS/Source/tasks.o
                0x0000000008005b84                xTaskIncrementTick
 .text.vTaskSwitchContext
                0x0000000008005d00       0xb8 ./Middlewares/Third_Party/FreeRTOS/Source/tasks.o
                0x0000000008005d00                vTaskSwitchContext
 .text.vTaskPlaceOnEventList
                0x0000000008005db8       0x48 ./Middlewares/Third_Party/FreeRTOS/Source/tasks.o
                0x0000000008005db8                vTaskPlaceOnEventList
 .text.vTaskPlaceOnUnorderedEventList
                0x0000000008005e00       0x78 ./Middlewares/Third_Party/FreeRTOS/Source/tasks.o
                0x0000000008005e00                vTaskPlaceOnUnorderedEventList
 .text.vTaskPlaceOnEventListRestricted
                0x0000000008005e78       0x58 ./Middlewares/Third_Party/FreeRTOS/Source/tasks.o
                0x0000000008005e78                vTaskPlaceOnEventListRestricted
 .text.xTaskRemoveFromEventList
                0x0000000008005ed0       0xc8 ./Middlewares/Third_Party/FreeRTOS/Source/tasks.o
                0x0000000008005ed0                xTaskRemoveFromEventList
 .text.vTaskRemoveFromUnorderedEventList
                0x0000000008005f98       0xc4 ./Middlewares/Third_Party/FreeRTOS/Source/tasks.o
                0x0000000008005f98                vTaskRemoveFromUnorderedEventList
 .text.vTaskInternalSetTimeOutState
                0x000000000800605c       0x2c ./Middlewares/Third_Party/FreeRTOS/Source/tasks.o
                0x000000000800605c                vTaskInternalSetTimeOutState
 .text.xTaskCheckForTimeOut
                0x0000000008006088       0xc4 ./Middlewares/Third_Party/FreeRTOS/Source/tasks.o
                0x0000000008006088                xTaskCheckForTimeOut
 .text.vTaskMissedYield
                0x000000000800614c       0x18 ./Middlewares/Third_Party/FreeRTOS/Source/tasks.o
                0x000000000800614c                vTaskMissedYield
 .text.prvIdleTask
                0x0000000008006164       0x30 ./Middlewares/Third_Party/FreeRTOS/Source/tasks.o
 .text.prvInitialiseTaskLists
                0x0000000008006194       0x80 ./Middlewares/Third_Party/FreeRTOS/Source/tasks.o
 .text.prvCheckTasksWaitingTermination
                0x0000000008006214       0x5c ./Middlewares/Third_Party/FreeRTOS/Source/tasks.o
 .text.prvDeleteTCB
                0x0000000008006270       0x5e ./Middlewares/Third_Party/FreeRTOS/Source/tasks.o
 *fill*         0x00000000080062ce        0x2 
 .text.prvResetNextTaskUnblockTime
                0x00000000080062d0       0x48 ./Middlewares/Third_Party/FreeRTOS/Source/tasks.o
 .text.xTaskGetSchedulerState
                0x0000000008006318       0x3c ./Middlewares/Third_Party/FreeRTOS/Source/tasks.o
                0x0000000008006318                xTaskGetSchedulerState
 .text.xTaskPriorityInherit
                0x0000000008006354       0xdc ./Middlewares/Third_Party/FreeRTOS/Source/tasks.o
                0x0000000008006354                xTaskPriorityInherit
 .text.xTaskPriorityDisinherit
                0x0000000008006430       0xdc ./Middlewares/Third_Party/FreeRTOS/Source/tasks.o
                0x0000000008006430                xTaskPriorityDisinherit
 .text.vTaskPriorityDisinheritAfterTimeout
                0x000000000800650c      0x10c ./Middlewares/Third_Party/FreeRTOS/Source/tasks.o
                0x000000000800650c                vTaskPriorityDisinheritAfterTimeout
 .text.uxTaskResetEventItemValue
                0x0000000008006618       0x30 ./Middlewares/Third_Party/FreeRTOS/Source/tasks.o
                0x0000000008006618                uxTaskResetEventItemValue
 .text.pvTaskIncrementMutexHeldCount
                0x0000000008006648       0x28 ./Middlewares/Third_Party/FreeRTOS/Source/tasks.o
                0x0000000008006648                pvTaskIncrementMutexHeldCount
 .text.prvAddCurrentTaskToDelayedList
                0x0000000008006670       0xa8 ./Middlewares/Third_Party/FreeRTOS/Source/tasks.o
 .text.xTimerCreateTimerTask
                0x0000000008006718       0x90 ./Middlewares/Third_Party/FreeRTOS/Source/timers.o
                0x0000000008006718                xTimerCreateTimerTask
 .text.xTimerGenericCommand
                0x00000000080067a8       0x9c ./Middlewares/Third_Party/FreeRTOS/Source/timers.o
                0x00000000080067a8                xTimerGenericCommand
 .text.prvProcessExpiredTimer
                0x0000000008006844       0x80 ./Middlewares/Third_Party/FreeRTOS/Source/timers.o
 .text.prvTimerTask
                0x00000000080068c4       0x24 ./Middlewares/Third_Party/FreeRTOS/Source/timers.o
 .text.prvProcessTimerOrBlockTask
                0x00000000080068e8       0x9c ./Middlewares/Third_Party/FreeRTOS/Source/timers.o
 .text.prvGetNextExpireTime
                0x0000000008006984       0x48 ./Middlewares/Third_Party/FreeRTOS/Source/timers.o
 .text.prvSampleTimeNow
                0x00000000080069cc       0x40 ./Middlewares/Third_Party/FreeRTOS/Source/timers.o
 .text.prvInsertTimerInActiveList
                0x0000000008006a0c       0x84 ./Middlewares/Third_Party/FreeRTOS/Source/timers.o
 .text.prvProcessReceivedCommands
                0x0000000008006a90      0x168 ./Middlewares/Third_Party/FreeRTOS/Source/timers.o
 .text.prvSwitchTimerLists
                0x0000000008006bf8       0xc4 ./Middlewares/Third_Party/FreeRTOS/Source/timers.o
 .text.prvCheckForValidListAndQueue
                0x0000000008006cbc       0x80 ./Middlewares/Third_Party/FreeRTOS/Source/timers.o
 .text.pxPortInitialiseStack
                0x0000000008006d3c       0x58 ./Middlewares/Third_Party/FreeRTOS/Source/portable/GCC/ARM_CM3/port.o
                0x0000000008006d3c                pxPortInitialiseStack
 .text.prvTaskExitError
                0x0000000008006d94       0x58 ./Middlewares/Third_Party/FreeRTOS/Source/portable/GCC/ARM_CM3/port.o
 *fill*         0x0000000008006dec        0x4 
 .text.SVC_Handler
                0x0000000008006df0       0x28 ./Middlewares/Third_Party/FreeRTOS/Source/portable/GCC/ARM_CM3/port.o
                0x0000000008006df0                SVC_Handler
 .text.prvPortStartFirstTask
                0x0000000008006e18       0x20 ./Middlewares/Third_Party/FreeRTOS/Source/portable/GCC/ARM_CM3/port.o
 .text.xPortStartScheduler
                0x0000000008006e38       0xe4 ./Middlewares/Third_Party/FreeRTOS/Source/portable/GCC/ARM_CM3/port.o
                0x0000000008006e38                xPortStartScheduler
 .text.vPortEnterCritical
                0x0000000008006f1c       0x60 ./Middlewares/Third_Party/FreeRTOS/Source/portable/GCC/ARM_CM3/port.o
                0x0000000008006f1c                vPortEnterCritical
 .text.vPortExitCritical
                0x0000000008006f7c       0x50 ./Middlewares/Third_Party/FreeRTOS/Source/portable/GCC/ARM_CM3/port.o
                0x0000000008006f7c                vPortExitCritical
 *fill*         0x0000000008006fcc        0x4 
 .text.PendSV_Handler
                0x0000000008006fd0       0x48 ./Middlewares/Third_Party/FreeRTOS/Source/portable/GCC/ARM_CM3/port.o
                0x0000000008006fd0                PendSV_Handler
 .text.xPortSysTickHandler
                0x0000000008007018       0x44 ./Middlewares/Third_Party/FreeRTOS/Source/portable/GCC/ARM_CM3/port.o
                0x0000000008007018                xPortSysTickHandler
 .text.vPortSetupTimerInterrupt
                0x000000000800705c       0x44 ./Middlewares/Third_Party/FreeRTOS/Source/portable/GCC/ARM_CM3/port.o
                0x000000000800705c                vPortSetupTimerInterrupt
 .text.vPortValidateInterruptPriority
                0x00000000080070a0       0x7c ./Middlewares/Third_Party/FreeRTOS/Source/portable/GCC/ARM_CM3/port.o
                0x00000000080070a0                vPortValidateInterruptPriority
 .text.pvPortMalloc
                0x000000000800711c      0x188 ./Middlewares/Third_Party/FreeRTOS/Source/portable/MemMang/heap_4.o
                0x000000000800711c                pvPortMalloc
 .text.vPortFree
                0x00000000080072a4       0xb4 ./Middlewares/Third_Party/FreeRTOS/Source/portable/MemMang/heap_4.o
                0x00000000080072a4                vPortFree
 .text.prvHeapInit
                0x0000000008007358       0xc4 ./Middlewares/Third_Party/FreeRTOS/Source/portable/MemMang/heap_4.o
 .text.prvInsertBlockIntoFreeList
                0x000000000800741c       0xb0 ./Middlewares/Third_Party/FreeRTOS/Source/portable/MemMang/heap_4.o
 .text.memset   0x00000000080074cc       0x10 C:/ST/STM32CubeIDE_1.13.1/STM32CubeIDE/plugins/com.st.stm32cube.ide.mcu.externaltools.gnu-tools-for-stm32.11.3.rel1.win32_1.1.0.202305231506/tools/bin/../lib/gcc/arm-none-eabi/11.3.1/../../../../arm-none-eabi/lib/thumb/v7-m/nofp\libc_nano.a(libc_a-memset.o)
                0x00000000080074cc                memset
 .text.__libc_init_array
                0x00000000080074dc       0x48 C:/ST/STM32CubeIDE_1.13.1/STM32CubeIDE/plugins/com.st.stm32cube.ide.mcu.externaltools.gnu-tools-for-stm32.11.3.rel1.win32_1.1.0.202305231506/tools/bin/../lib/gcc/arm-none-eabi/11.3.1/../../../../arm-none-eabi/lib/thumb/v7-m/nofp\libc_nano.a(libc_a-init.o)
                0x00000000080074dc                __libc_init_array
 .text.memcpy   0x0000000008007524       0x1c C:/ST/STM32CubeIDE_1.13.1/STM32CubeIDE/plugins/com.st.stm32cube.ide.mcu.externaltools.gnu-tools-for-stm32.11.3.rel1.win32_1.1.0.202305231506/tools/bin/../lib/gcc/arm-none-eabi/11.3.1/../../../../arm-none-eabi/lib/thumb/v7-m/nofp\libc_nano.a(libc_a-memcpy-stub.o)
                0x0000000008007524                memcpy
 *(.glue_7)
 .glue_7        0x0000000008007540        0x0 linker stubs
 *(.glue_7t)
 .glue_7t       0x0000000008007540        0x0 linker stubs
 *(.eh_frame)
 .eh_frame      0x0000000008007540        0x0 C:/ST/STM32CubeIDE_1.13.1/STM32CubeIDE/plugins/com.st.stm32cube.ide.mcu.externaltools.gnu-tools-for-stm32.11.3.rel1.win32_1.1.0.202305231506/tools/bin/../lib/gcc/arm-none-eabi/11.3.1/thumb/v7-m/nofp/crtbegin.o
 *(.init)
 .init          0x0000000008007540        0x4 C:/ST/STM32CubeIDE_1.13.1/STM32CubeIDE/plugins/com.st.stm32cube.ide.mcu.externaltools.gnu-tools-for-stm32.11.3.rel1.win32_1.1.0.202305231506/tools/bin/../lib/gcc/arm-none-eabi/11.3.1/thumb/v7-m/nofp/crti.o
                0x0000000008007540                _init
 .init          0x0000000008007544        0x8 C:/ST/STM32CubeIDE_1.13.1/STM32CubeIDE/plugins/com.st.stm32cube.ide.mcu.externaltools.gnu-tools-for-stm32.11.3.rel1.win32_1.1.0.202305231506/tools/bin/../lib/gcc/arm-none-eabi/11.3.1/thumb/v7-m/nofp/crtn.o
 *(.fini)
 .fini          0x000000000800754c        0x4 C:/ST/STM32CubeIDE_1.13.1/STM32CubeIDE/plugins/com.st.stm32cube.ide.mcu.externaltools.gnu-tools-for-stm32.11.3.rel1.win32_1.1.0.202305231506/tools/bin/../lib/gcc/arm-none-eabi/11.3.1/thumb/v7-m/nofp/crti.o
                0x000000000800754c                _fini
 .fini          0x0000000008007550        0x8 C:/ST/STM32CubeIDE_1.13.1/STM32CubeIDE/plugins/com.st.stm32cube.ide.mcu.externaltools.gnu-tools-for-stm32.11.3.rel1.win32_1.1.0.202305231506/tools/bin/../lib/gcc/arm-none-eabi/11.3.1/thumb/v7-m/nofp/crtn.o
                0x0000000008007558                . = ALIGN (0x4)
                0x0000000008007558                _etext = .

.vfp11_veneer   0x0000000008007558        0x0
 .vfp11_veneer  0x0000000008007558        0x0 linker stubs

.v4_bx          0x0000000008007558        0x0
 .v4_bx         0x0000000008007558        0x0 linker stubs

.iplt           0x0000000008007558        0x0
 .iplt          0x0000000008007558        0x0 C:/ST/STM32CubeIDE_1.13.1/STM32CubeIDE/plugins/com.st.stm32cube.ide.mcu.externaltools.gnu-tools-for-stm32.11.3.rel1.win32_1.1.0.202305231506/tools/bin/../lib/gcc/arm-none-eabi/11.3.1/thumb/v7-m/nofp/crtbegin.o

.rodata         0x0000000008007558      0x24c
                0x0000000008007558                . = ALIGN (0x4)
 *(.rodata)
 .rodata        0x0000000008007558       0xf1 ./Core/Src/freertos.o
 *fill*         0x0000000008007649        0x3 
 .rodata        0x000000000800764c        0x5 ./Middlewares/Third_Party/FreeRTOS/Source/tasks.o
 *fill*         0x0000000008007651        0x3 
 .rodata        0x0000000008007654        0xd ./Middlewares/Third_Party/FreeRTOS/Source/timers.o
 *(.rodata*)
 *fill*         0x0000000008007661        0x3 
 .rodata.KeypadTask_attributes
                0x0000000008007664       0x24 ./Core/Src/freertos.o
                0x0000000008007664                KeypadTask_attributes
 .rodata.Password_attributes
                0x0000000008007688       0x24 ./Core/Src/freertos.o
                0x0000000008007688                Password_attributes
 .rodata.TempTask_attributes
                0x00000000080076ac       0x24 ./Core/Src/freertos.o
                0x00000000080076ac                TempTask_attributes
 .rodata.lightTask_attributes
                0x00000000080076d0       0x24 ./Core/Src/freertos.o
                0x00000000080076d0                lightTask_attributes
 .rodata.Window_attributes
                0x00000000080076f4       0x24 ./Core/Src/freertos.o
                0x00000000080076f4                Window_attributes
 .rodata.Passwors_attributes
                0x0000000008007718       0x18 ./Core/Src/freertos.o
                0x0000000008007718                Passwors_attributes
 .rodata.TempQueue_attributes
                0x0000000008007730       0x18 ./Core/Src/freertos.o
                0x0000000008007730                TempQueue_attributes
 .rodata.GasQueue_attributes
                0x0000000008007748       0x18 ./Core/Src/freertos.o
                0x0000000008007748                GasQueue_attributes
 .rodata.LCD_Semaphoer_attributes
                0x0000000008007760       0x10 ./Core/Src/freertos.o
                0x0000000008007760                LCD_Semaphoer_attributes
 .rodata.window_attributes
                0x0000000008007770       0x10 ./Core/Src/freertos.o
                0x0000000008007770                window_attributes
 .rodata.AHBPrescTable
                0x0000000008007780       0x10 ./Core/Src/system_stm32f1xx.o
                0x0000000008007780                AHBPrescTable
 .rodata.aPLLMULFactorTable.1
                0x0000000008007790       0x10 ./Drivers/STM32F1xx_HAL_Driver/Src/stm32f1xx_hal_rcc.o
 .rodata.aPredivFactorTable.0
                0x00000000080077a0        0x2 ./Drivers/STM32F1xx_HAL_Driver/Src/stm32f1xx_hal_rcc.o
                0x00000000080077a4                . = ALIGN (0x4)
 *fill*         0x00000000080077a2        0x2 

.rel.dyn        0x00000000080077a4        0x0
 .rel.iplt      0x00000000080077a4        0x0 C:/ST/STM32CubeIDE_1.13.1/STM32CubeIDE/plugins/com.st.stm32cube.ide.mcu.externaltools.gnu-tools-for-stm32.11.3.rel1.win32_1.1.0.202305231506/tools/bin/../lib/gcc/arm-none-eabi/11.3.1/thumb/v7-m/nofp/crtbegin.o

.ARM.extab      0x00000000080077a4        0x0
                0x00000000080077a4                . = ALIGN (0x4)
 *(.ARM.extab* .gnu.linkonce.armextab.*)
                0x00000000080077a4                . = ALIGN (0x4)

.ARM            0x00000000080077a4        0x0
                0x00000000080077a4                . = ALIGN (0x4)
                0x00000000080077a4                __exidx_start = .
 *(.ARM.exidx*)
                0x00000000080077a4                __exidx_end = .
                0x00000000080077a4                . = ALIGN (0x4)

.preinit_array  0x00000000080077a4        0x0
                0x00000000080077a4                . = ALIGN (0x4)
                0x00000000080077a4                PROVIDE (__preinit_array_start = .)
 *(.preinit_array*)
                0x00000000080077a4                PROVIDE (__preinit_array_end = .)
                0x00000000080077a4                . = ALIGN (0x4)

.init_array     0x00000000080077a4        0x4
                0x00000000080077a4                . = ALIGN (0x4)
                0x00000000080077a4                PROVIDE (__init_array_start = .)
 *(SORT_BY_NAME(.init_array.*))
 *(.init_array*)
 .init_array    0x00000000080077a4        0x4 C:/ST/STM32CubeIDE_1.13.1/STM32CubeIDE/plugins/com.st.stm32cube.ide.mcu.externaltools.gnu-tools-for-stm32.11.3.rel1.win32_1.1.0.202305231506/tools/bin/../lib/gcc/arm-none-eabi/11.3.1/thumb/v7-m/nofp/crtbegin.o
                0x00000000080077a8                PROVIDE (__init_array_end = .)
                0x00000000080077a8                . = ALIGN (0x4)

.fini_array     0x00000000080077a8        0x4
                0x00000000080077a8                . = ALIGN (0x4)
                [!provide]                        PROVIDE (__fini_array_start = .)
 *(SORT_BY_NAME(.fini_array.*))
 *(.fini_array*)
 .fini_array    0x00000000080077a8        0x4 C:/ST/STM32CubeIDE_1.13.1/STM32CubeIDE/plugins/com.st.stm32cube.ide.mcu.externaltools.gnu-tools-for-stm32.11.3.rel1.win32_1.1.0.202305231506/tools/bin/../lib/gcc/arm-none-eabi/11.3.1/thumb/v7-m/nofp/crtbegin.o
                [!provide]                        PROVIDE (__fini_array_end = .)
                0x00000000080077ac                . = ALIGN (0x4)
                0x00000000080077ac                _sidata = LOADADDR (.data)

.data           0x0000000020000000       0x14 load address 0x00000000080077ac
                0x0000000020000000                . = ALIGN (0x4)
                0x0000000020000000                _sdata = .
 *(.data)
 *(.data*)
 .data.correctPasword
                0x0000000020000000        0x4 ./Core/Src/freertos.o
                0x0000000020000000                correctPasword
 .data.SystemCoreClock
                0x0000000020000004        0x4 ./Core/Src/system_stm32f1xx.o
                0x0000000020000004                SystemCoreClock
 .data.uwTickPrio
                0x0000000020000008        0x4 ./Drivers/STM32F1xx_HAL_Driver/Src/stm32f1xx_hal.o
                0x0000000020000008                uwTickPrio
 .data.uwTickFreq
                0x000000002000000c        0x1 ./Drivers/STM32F1xx_HAL_Driver/Src/stm32f1xx_hal.o
                0x000000002000000c                uwTickFreq
 *fill*         0x000000002000000d        0x3 
 .data.uxCriticalNesting
                0x0000000020000010        0x4 ./Middlewares/Third_Party/FreeRTOS/Source/portable/GCC/ARM_CM3/port.o
 *(.RamFunc)
 *(.RamFunc*)
                0x0000000020000014                . = ALIGN (0x4)
                0x0000000020000014                _edata = .

.igot.plt       0x0000000020000014        0x0 load address 0x00000000080077c0
 .igot.plt      0x0000000020000014        0x0 C:/ST/STM32CubeIDE_1.13.1/STM32CubeIDE/plugins/com.st.stm32cube.ide.mcu.externaltools.gnu-tools-for-stm32.11.3.rel1.win32_1.1.0.202305231506/tools/bin/../lib/gcc/arm-none-eabi/11.3.1/thumb/v7-m/nofp/crtbegin.o
                0x0000000020000014                . = ALIGN (0x4)

.bss            0x0000000020000014     0x1af4 load address 0x00000000080077c0
                0x0000000020000014                _sbss = .
                0x0000000020000014                __bss_start__ = _sbss
 *(.bss)
 .bss           0x0000000020000014       0x1c C:/ST/STM32CubeIDE_1.13.1/STM32CubeIDE/plugins/com.st.stm32cube.ide.mcu.externaltools.gnu-tools-for-stm32.11.3.rel1.win32_1.1.0.202305231506/tools/bin/../lib/gcc/arm-none-eabi/11.3.1/thumb/v7-m/nofp/crtbegin.o
 *(.bss*)
 .bss.hadc1     0x0000000020000030       0x30 ./Core/Src/adc.o
                0x0000000020000030                hadc1
 .bss.enteredPassword
                0x0000000020000060        0x4 ./Core/Src/freertos.o
                0x0000000020000060                enteredPassword
 .bss.KeypadTaskHandle
                0x0000000020000064        0x4 ./Core/Src/freertos.o
                0x0000000020000064                KeypadTaskHandle
 .bss.PasswordHandle
                0x0000000020000068        0x4 ./Core/Src/freertos.o
                0x0000000020000068                PasswordHandle
 .bss.TempTaskHandle
                0x000000002000006c        0x4 ./Core/Src/freertos.o
                0x000000002000006c                TempTaskHandle
 .bss.lightTaskHandle
                0x0000000020000070        0x4 ./Core/Src/freertos.o
                0x0000000020000070                lightTaskHandle
 .bss.WindowHandle
                0x0000000020000074        0x4 ./Core/Src/freertos.o
                0x0000000020000074                WindowHandle
 .bss.PassworsHandle
                0x0000000020000078        0x4 ./Core/Src/freertos.o
                0x0000000020000078                PassworsHandle
 .bss.TempQueueHandle
                0x000000002000007c        0x4 ./Core/Src/freertos.o
                0x000000002000007c                TempQueueHandle
 .bss.GasQueueHandle
                0x0000000020000080        0x4 ./Core/Src/freertos.o
                0x0000000020000080                GasQueueHandle
 .bss.LCD_SemaphoerHandle
                0x0000000020000084        0x4 ./Core/Src/freertos.o
                0x0000000020000084                LCD_SemaphoerHandle
 .bss.windowHandle
                0x0000000020000088        0x4 ./Core/Src/freertos.o
                0x0000000020000088                windowHandle
 .bss.htim1     0x000000002000008c       0x48 ./Core/Src/tim.o
                0x000000002000008c                htim1
 .bss.uwTick    0x00000000200000d4        0x4 ./Drivers/STM32F1xx_HAL_Driver/Src/stm32f1xx_hal.o
                0x00000000200000d4                uwTick
 .bss.KernelState
                0x00000000200000d8        0x4 ./Middlewares/Third_Party/FreeRTOS/Source/CMSIS_RTOS_V2/cmsis_os2.o
 .bss.Idle_TCB  0x00000000200000dc       0x5c ./Middlewares/Third_Party/FreeRTOS/Source/CMSIS_RTOS_V2/cmsis_os2.o
 .bss.Idle_Stack
                0x0000000020000138      0x100 ./Middlewares/Third_Party/FreeRTOS/Source/CMSIS_RTOS_V2/cmsis_os2.o
 .bss.Timer_TCB
                0x0000000020000238       0x5c ./Middlewares/Third_Party/FreeRTOS/Source/CMSIS_RTOS_V2/cmsis_os2.o
 .bss.Timer_Stack
                0x0000000020000294      0x200 ./Middlewares/Third_Party/FreeRTOS/Source/CMSIS_RTOS_V2/cmsis_os2.o
 .bss.xQueueRegistry
                0x0000000020000494       0x40 ./Middlewares/Third_Party/FreeRTOS/Source/queue.o
                0x0000000020000494                xQueueRegistry
 .bss.pxCurrentTCB
                0x00000000200004d4        0x4 ./Middlewares/Third_Party/FreeRTOS/Source/tasks.o
                0x00000000200004d4                pxCurrentTCB
 .bss.pxReadyTasksLists
                0x00000000200004d8      0x460 ./Middlewares/Third_Party/FreeRTOS/Source/tasks.o
 .bss.xDelayedTaskList1
                0x0000000020000938       0x14 ./Middlewares/Third_Party/FreeRTOS/Source/tasks.o
 .bss.xDelayedTaskList2
                0x000000002000094c       0x14 ./Middlewares/Third_Party/FreeRTOS/Source/tasks.o
 .bss.pxDelayedTaskList
                0x0000000020000960        0x4 ./Middlewares/Third_Party/FreeRTOS/Source/tasks.o
 .bss.pxOverflowDelayedTaskList
                0x0000000020000964        0x4 ./Middlewares/Third_Party/FreeRTOS/Source/tasks.o
 .bss.xPendingReadyList
                0x0000000020000968       0x14 ./Middlewares/Third_Party/FreeRTOS/Source/tasks.o
 .bss.xTasksWaitingTermination
                0x000000002000097c       0x14 ./Middlewares/Third_Party/FreeRTOS/Source/tasks.o
 .bss.uxDeletedTasksWaitingCleanUp
                0x0000000020000990        0x4 ./Middlewares/Third_Party/FreeRTOS/Source/tasks.o
 .bss.xSuspendedTaskList
                0x0000000020000994       0x14 ./Middlewares/Third_Party/FreeRTOS/Source/tasks.o
 .bss.uxCurrentNumberOfTasks
                0x00000000200009a8        0x4 ./Middlewares/Third_Party/FreeRTOS/Source/tasks.o
 .bss.xTickCount
                0x00000000200009ac        0x4 ./Middlewares/Third_Party/FreeRTOS/Source/tasks.o
 .bss.uxTopReadyPriority
                0x00000000200009b0        0x4 ./Middlewares/Third_Party/FreeRTOS/Source/tasks.o
 .bss.xSchedulerRunning
                0x00000000200009b4        0x4 ./Middlewares/Third_Party/FreeRTOS/Source/tasks.o
 .bss.uxPendedTicks
                0x00000000200009b8        0x4 ./Middlewares/Third_Party/FreeRTOS/Source/tasks.o
 .bss.xYieldPending
                0x00000000200009bc        0x4 ./Middlewares/Third_Party/FreeRTOS/Source/tasks.o
 .bss.xNumOfOverflows
                0x00000000200009c0        0x4 ./Middlewares/Third_Party/FreeRTOS/Source/tasks.o
 .bss.uxTaskNumber
                0x00000000200009c4        0x4 ./Middlewares/Third_Party/FreeRTOS/Source/tasks.o
 .bss.xNextTaskUnblockTime
                0x00000000200009c8        0x4 ./Middlewares/Third_Party/FreeRTOS/Source/tasks.o
 .bss.xIdleTaskHandle
                0x00000000200009cc        0x4 ./Middlewares/Third_Party/FreeRTOS/Source/tasks.o
 .bss.uxSchedulerSuspended
                0x00000000200009d0        0x4 ./Middlewares/Third_Party/FreeRTOS/Source/tasks.o
 .bss.xActiveTimerList1
                0x00000000200009d4       0x14 ./Middlewares/Third_Party/FreeRTOS/Source/timers.o
 .bss.xActiveTimerList2
                0x00000000200009e8       0x14 ./Middlewares/Third_Party/FreeRTOS/Source/timers.o
 .bss.pxCurrentTimerList
                0x00000000200009fc        0x4 ./Middlewares/Third_Party/FreeRTOS/Source/timers.o
 .bss.pxOverflowTimerList
                0x0000000020000a00        0x4 ./Middlewares/Third_Party/FreeRTOS/Source/timers.o
 .bss.xTimerQueue
                0x0000000020000a04        0x4 ./Middlewares/Third_Party/FreeRTOS/Source/timers.o
 .bss.xTimerTaskHandle
                0x0000000020000a08        0x4 ./Middlewares/Third_Party/FreeRTOS/Source/timers.o
 .bss.xLastTime.2
                0x0000000020000a0c        0x4 ./Middlewares/Third_Party/FreeRTOS/Source/timers.o
 .bss.ucStaticTimerQueueStorage.1
                0x0000000020000a10       0xa0 ./Middlewares/Third_Party/FreeRTOS/Source/timers.o
 .bss.xStaticTimerQueue.0
                0x0000000020000ab0       0x50 ./Middlewares/Third_Party/FreeRTOS/Source/timers.o
 .bss.ucMaxSysCallPriority
                0x0000000020000b00        0x1 ./Middlewares/Third_Party/FreeRTOS/Source/portable/GCC/ARM_CM3/port.o
 *fill*         0x0000000020000b01        0x3 
 .bss.ulMaxPRIGROUPValue
                0x0000000020000b04        0x4 ./Middlewares/Third_Party/FreeRTOS/Source/portable/GCC/ARM_CM3/port.o
 .bss.ucHeap    0x0000000020000b08      0xfe8 ./Middlewares/Third_Party/FreeRTOS/Source/portable/MemMang/heap_4.o
 .bss.xStart    0x0000000020001af0        0x8 ./Middlewares/Third_Party/FreeRTOS/Source/portable/MemMang/heap_4.o
 .bss.pxEnd     0x0000000020001af8        0x4 ./Middlewares/Third_Party/FreeRTOS/Source/portable/MemMang/heap_4.o
 .bss.xFreeBytesRemaining
                0x0000000020001afc        0x4 ./Middlewares/Third_Party/FreeRTOS/Source/portable/MemMang/heap_4.o
 .bss.xMinimumEverFreeBytesRemaining
                0x0000000020001b00        0x4 ./Middlewares/Third_Party/FreeRTOS/Source/portable/MemMang/heap_4.o
 .bss.xBlockAllocatedBit
                0x0000000020001b04        0x4 ./Middlewares/Third_Party/FreeRTOS/Source/portable/MemMang/heap_4.o
 *(COMMON)
                0x0000000020001b08                . = ALIGN (0x4)
                0x0000000020001b08                _ebss = .
                0x0000000020001b08                __bss_end__ = _ebss

._user_heap_stack
                0x0000000020001b08      0x600 load address 0x00000000080077c0
                0x0000000020001b08                . = ALIGN (0x8)
                [!provide]                        PROVIDE (end = .)
                0x0000000020001b08                PROVIDE (_end = .)
                0x0000000020001d08                . = (. + _Min_Heap_Size)
 *fill*         0x0000000020001b08      0x200 
                0x0000000020002108                . = (. + _Min_Stack_Size)
 *fill*         0x0000000020001d08      0x400 
                0x0000000020002108                . = ALIGN (0x8)

/DISCARD/
 libc.a(*)
 libm.a(*)
 libgcc.a(*)

.ARM.attributes
                0x0000000000000000       0x29
 *(.ARM.attributes)
 .ARM.attributes
                0x0000000000000000       0x1d C:/ST/STM32CubeIDE_1.13.1/STM32CubeIDE/plugins/com.st.stm32cube.ide.mcu.externaltools.gnu-tools-for-stm32.11.3.rel1.win32_1.1.0.202305231506/tools/bin/../lib/gcc/arm-none-eabi/11.3.1/thumb/v7-m/nofp/crti.o
 .ARM.attributes
                0x000000000000001d       0x2d C:/ST/STM32CubeIDE_1.13.1/STM32CubeIDE/plugins/com.st.stm32cube.ide.mcu.externaltools.gnu-tools-for-stm32.11.3.rel1.win32_1.1.0.202305231506/tools/bin/../lib/gcc/arm-none-eabi/11.3.1/thumb/v7-m/nofp/crtbegin.o
 .ARM.attributes
                0x000000000000004a       0x2d ./Core/Src/GPIO_program.o
 .ARM.attributes
                0x0000000000000077       0x2d ./Core/Src/LCD_interface.o
 .ARM.attributes
                0x00000000000000a4       0x2d ./Core/Src/RCC_program.o
 .ARM.attributes
                0x00000000000000d1       0x2d ./Core/Src/adc.o
 .ARM.attributes
                0x00000000000000fe       0x2d ./Core/Src/freertos.o
 .ARM.attributes
                0x000000000000012b       0x2d ./Core/Src/gpio.o
 .ARM.attributes
                0x0000000000000158       0x2d ./Core/Src/main.o
 .ARM.attributes
                0x0000000000000185       0x2d ./Core/Src/stm32f1xx_hal_msp.o
 .ARM.attributes
                0x00000000000001b2       0x2d ./Core/Src/stm32f1xx_it.o
 .ARM.attributes
                0x00000000000001df       0x2d ./Core/Src/system_stm32f1xx.o
 .ARM.attributes
                0x000000000000020c       0x2d ./Core/Src/tim.o
 .ARM.attributes
                0x0000000000000239       0x21 ./Core/Startup/startup_stm32f103c8tx.o
 .ARM.attributes
                0x000000000000025a       0x2d ./Drivers/STM32F1xx_HAL_Driver/Src/stm32f1xx_hal.o
 .ARM.attributes
                0x0000000000000287       0x2d ./Drivers/STM32F1xx_HAL_Driver/Src/stm32f1xx_hal_adc.o
 .ARM.attributes
                0x00000000000002b4       0x2d ./Drivers/STM32F1xx_HAL_Driver/Src/stm32f1xx_hal_adc_ex.o
 .ARM.attributes
                0x00000000000002e1       0x2d ./Drivers/STM32F1xx_HAL_Driver/Src/stm32f1xx_hal_cortex.o
 .ARM.attributes
                0x000000000000030e       0x2d ./Drivers/STM32F1xx_HAL_Driver/Src/stm32f1xx_hal_gpio.o
 .ARM.attributes
                0x000000000000033b       0x2d ./Drivers/STM32F1xx_HAL_Driver/Src/stm32f1xx_hal_rcc.o
 .ARM.attributes
                0x0000000000000368       0x2d ./Drivers/STM32F1xx_HAL_Driver/Src/stm32f1xx_hal_rcc_ex.o
 .ARM.attributes
                0x0000000000000395       0x2d ./Drivers/STM32F1xx_HAL_Driver/Src/stm32f1xx_hal_tim.o
 .ARM.attributes
                0x00000000000003c2       0x2d ./Drivers/STM32F1xx_HAL_Driver/Src/stm32f1xx_hal_tim_ex.o
 .ARM.attributes
                0x00000000000003ef       0x2d ./Middlewares/Third_Party/FreeRTOS/Source/CMSIS_RTOS_V2/cmsis_os2.o
 .ARM.attributes
                0x000000000000041c       0x2d ./Middlewares/Third_Party/FreeRTOS/Source/event_groups.o
 .ARM.attributes
                0x0000000000000449       0x2d ./Middlewares/Third_Party/FreeRTOS/Source/list.o
 .ARM.attributes
                0x0000000000000476       0x2d ./Middlewares/Third_Party/FreeRTOS/Source/queue.o
 .ARM.attributes
                0x00000000000004a3       0x2d ./Middlewares/Third_Party/FreeRTOS/Source/tasks.o
 .ARM.attributes
                0x00000000000004d0       0x2d ./Middlewares/Third_Party/FreeRTOS/Source/timers.o
 .ARM.attributes
                0x00000000000004fd       0x2d ./Middlewares/Third_Party/FreeRTOS/Source/portable/GCC/ARM_CM3/port.o
 .ARM.attributes
                0x000000000000052a       0x2d ./Middlewares/Third_Party/FreeRTOS/Source/portable/MemMang/heap_4.o
 .ARM.attributes
                0x0000000000000557       0x2d C:/ST/STM32CubeIDE_1.13.1/STM32CubeIDE/plugins/com.st.stm32cube.ide.mcu.externaltools.gnu-tools-for-stm32.11.3.rel1.win32_1.1.0.202305231506/tools/bin/../lib/gcc/arm-none-eabi/11.3.1/../../../../arm-none-eabi/lib/thumb/v7-m/nofp\libc_nano.a(libc_a-memset.o)
 .ARM.attributes
                0x0000000000000584       0x2d C:/ST/STM32CubeIDE_1.13.1/STM32CubeIDE/plugins/com.st.stm32cube.ide.mcu.externaltools.gnu-tools-for-stm32.11.3.rel1.win32_1.1.0.202305231506/tools/bin/../lib/gcc/arm-none-eabi/11.3.1/../../../../arm-none-eabi/lib/thumb/v7-m/nofp\libc_nano.a(libc_a-init.o)
 .ARM.attributes
                0x00000000000005b1       0x2d C:/ST/STM32CubeIDE_1.13.1/STM32CubeIDE/plugins/com.st.stm32cube.ide.mcu.externaltools.gnu-tools-for-stm32.11.3.rel1.win32_1.1.0.202305231506/tools/bin/../lib/gcc/arm-none-eabi/11.3.1/../../../../arm-none-eabi/lib/thumb/v7-m/nofp\libc_nano.a(libc_a-memcpy-stub.o)
 .ARM.attributes
                0x00000000000005de       0x1d C:/ST/STM32CubeIDE_1.13.1/STM32CubeIDE/plugins/com.st.stm32cube.ide.mcu.externaltools.gnu-tools-for-stm32.11.3.rel1.win32_1.1.0.202305231506/tools/bin/../lib/gcc/arm-none-eabi/11.3.1/thumb/v7-m/nofp/crtn.o
OUTPUT(ADC.elf elf32-littlearm)
LOAD linker stubs
LOAD C:/ST/STM32CubeIDE_1.13.1/STM32CubeIDE/plugins/com.st.stm32cube.ide.mcu.externaltools.gnu-tools-for-stm32.11.3.rel1.win32_1.1.0.202305231506/tools/bin/../lib/gcc/arm-none-eabi/11.3.1/../../../../arm-none-eabi/lib/thumb/v7-m/nofp\libc.a
LOAD C:/ST/STM32CubeIDE_1.13.1/STM32CubeIDE/plugins/com.st.stm32cube.ide.mcu.externaltools.gnu-tools-for-stm32.11.3.rel1.win32_1.1.0.202305231506/tools/bin/../lib/gcc/arm-none-eabi/11.3.1/../../../../arm-none-eabi/lib/thumb/v7-m/nofp\libm.a
LOAD C:/ST/STM32CubeIDE_1.13.1/STM32CubeIDE/plugins/com.st.stm32cube.ide.mcu.externaltools.gnu-tools-for-stm32.11.3.rel1.win32_1.1.0.202305231506/tools/bin/../lib/gcc/arm-none-eabi/11.3.1/thumb/v7-m/nofp\libgcc.a

.comment        0x0000000000000000       0x43
 .comment       0x0000000000000000       0x43 C:/ST/STM32CubeIDE_1.13.1/STM32CubeIDE/plugins/com.st.stm32cube.ide.mcu.externaltools.gnu-tools-for-stm32.11.3.rel1.win32_1.1.0.202305231506/tools/bin/../lib/gcc/arm-none-eabi/11.3.1/thumb/v7-m/nofp/crtbegin.o
                                         0x44 (size before relaxing)
 .comment       0x0000000000000043       0x44 ./Core/Src/GPIO_program.o
 .comment       0x0000000000000043       0x44 ./Core/Src/LCD_interface.o
 .comment       0x0000000000000043       0x44 ./Core/Src/RCC_program.o
 .comment       0x0000000000000043       0x44 ./Core/Src/adc.o
 .comment       0x0000000000000043       0x44 ./Core/Src/freertos.o
 .comment       0x0000000000000043       0x44 ./Core/Src/gpio.o
 .comment       0x0000000000000043       0x44 ./Core/Src/main.o
 .comment       0x0000000000000043       0x44 ./Core/Src/stm32f1xx_hal_msp.o
 .comment       0x0000000000000043       0x44 ./Core/Src/stm32f1xx_it.o
 .comment       0x0000000000000043       0x44 ./Core/Src/system_stm32f1xx.o
 .comment       0x0000000000000043       0x44 ./Core/Src/tim.o
 .comment       0x0000000000000043       0x44 ./Drivers/STM32F1xx_HAL_Driver/Src/stm32f1xx_hal.o
 .comment       0x0000000000000043       0x44 ./Drivers/STM32F1xx_HAL_Driver/Src/stm32f1xx_hal_adc.o
 .comment       0x0000000000000043       0x44 ./Drivers/STM32F1xx_HAL_Driver/Src/stm32f1xx_hal_adc_ex.o
 .comment       0x0000000000000043       0x44 ./Drivers/STM32F1xx_HAL_Driver/Src/stm32f1xx_hal_cortex.o
 .comment       0x0000000000000043       0x44 ./Drivers/STM32F1xx_HAL_Driver/Src/stm32f1xx_hal_gpio.o
 .comment       0x0000000000000043       0x44 ./Drivers/STM32F1xx_HAL_Driver/Src/stm32f1xx_hal_rcc.o
 .comment       0x0000000000000043       0x44 ./Drivers/STM32F1xx_HAL_Driver/Src/stm32f1xx_hal_rcc_ex.o
 .comment       0x0000000000000043       0x44 ./Drivers/STM32F1xx_HAL_Driver/Src/stm32f1xx_hal_tim.o
 .comment       0x0000000000000043       0x44 ./Drivers/STM32F1xx_HAL_Driver/Src/stm32f1xx_hal_tim_ex.o
 .comment       0x0000000000000043       0x44 ./Middlewares/Third_Party/FreeRTOS/Source/CMSIS_RTOS_V2/cmsis_os2.o
 .comment       0x0000000000000043       0x44 ./Middlewares/Third_Party/FreeRTOS/Source/event_groups.o
 .comment       0x0000000000000043       0x44 ./Middlewares/Third_Party/FreeRTOS/Source/list.o
 .comment       0x0000000000000043       0x44 ./Middlewares/Third_Party/FreeRTOS/Source/queue.o
 .comment       0x0000000000000043       0x44 ./Middlewares/Third_Party/FreeRTOS/Source/tasks.o
 .comment       0x0000000000000043       0x44 ./Middlewares/Third_Party/FreeRTOS/Source/timers.o
 .comment       0x0000000000000043       0x44 ./Middlewares/Third_Party/FreeRTOS/Source/portable/GCC/ARM_CM3/port.o
 .comment       0x0000000000000043       0x44 ./Middlewares/Third_Party/FreeRTOS/Source/portable/MemMang/heap_4.o

.debug_info     0x0000000000000000    0x15f0c
 .debug_info    0x0000000000000000      0x194 ./Core/Src/GPIO_program.o
 .debug_info    0x0000000000000194      0x33a ./Core/Src/LCD_interface.o
 .debug_info    0x00000000000004ce      0x298 ./Core/Src/RCC_program.o
 .debug_info    0x0000000000000766      0x94a ./Core/Src/adc.o
 .debug_info    0x00000000000010b0     0x1140 ./Core/Src/freertos.o
 .debug_info    0x00000000000021f0      0x25a ./Core/Src/gpio.o
 .debug_info    0x000000000000244a      0xe72 ./Core/Src/main.o
 .debug_info    0x00000000000032bc      0x2d9 ./Core/Src/stm32f1xx_hal_msp.o
 .debug_info    0x0000000000003595      0x587 ./Core/Src/stm32f1xx_it.o
 .debug_info    0x0000000000003b1c      0x222 ./Core/Src/system_stm32f1xx.o
 .debug_info    0x0000000000003d3e      0xad9 ./Core/Src/tim.o
 .debug_info    0x0000000000004817       0x23 ./Core/Startup/startup_stm32f103c8tx.o
 .debug_info    0x000000000000483a      0x704 ./Drivers/STM32F1xx_HAL_Driver/Src/stm32f1xx_hal.o
 .debug_info    0x0000000000004f3e      0xc50 ./Drivers/STM32F1xx_HAL_Driver/Src/stm32f1xx_hal_adc.o
 .debug_info    0x0000000000005b8e      0xa10 ./Drivers/STM32F1xx_HAL_Driver/Src/stm32f1xx_hal_adc_ex.o
 .debug_info    0x000000000000659e      0xa87 ./Drivers/STM32F1xx_HAL_Driver/Src/stm32f1xx_hal_cortex.o
 .debug_info    0x0000000000007025      0x5ab ./Drivers/STM32F1xx_HAL_Driver/Src/stm32f1xx_hal_gpio.o
 .debug_info    0x00000000000075d0      0x7d5 ./Drivers/STM32F1xx_HAL_Driver/Src/stm32f1xx_hal_rcc.o
 .debug_info    0x0000000000007da5      0x3c0 ./Drivers/STM32F1xx_HAL_Driver/Src/stm32f1xx_hal_rcc_ex.o
 .debug_info    0x0000000000008165     0x293b ./Drivers/STM32F1xx_HAL_Driver/Src/stm32f1xx_hal_tim.o
 .debug_info    0x000000000000aaa0     0x149b ./Drivers/STM32F1xx_HAL_Driver/Src/stm32f1xx_hal_tim_ex.o
 .debug_info    0x000000000000bf3b     0x39bf ./Middlewares/Third_Party/FreeRTOS/Source/CMSIS_RTOS_V2/cmsis_os2.o
 .debug_info    0x000000000000f8fa      0xbb8 ./Middlewares/Third_Party/FreeRTOS/Source/event_groups.o
 .debug_info    0x00000000000104b2      0x2aa ./Middlewares/Third_Party/FreeRTOS/Source/list.o
 .debug_info    0x000000000001075c     0x1abf ./Middlewares/Third_Party/FreeRTOS/Source/queue.o
 .debug_info    0x000000000001221b     0x20e5 ./Middlewares/Third_Party/FreeRTOS/Source/tasks.o
 .debug_info    0x0000000000014300     0x13b5 ./Middlewares/Third_Party/FreeRTOS/Source/timers.o
 .debug_info    0x00000000000156b5      0x494 ./Middlewares/Third_Party/FreeRTOS/Source/portable/GCC/ARM_CM3/port.o
 .debug_info    0x0000000000015b49      0x3c3 ./Middlewares/Third_Party/FreeRTOS/Source/portable/MemMang/heap_4.o

.debug_abbrev   0x0000000000000000     0x3d5d
 .debug_abbrev  0x0000000000000000       0xf1 ./Core/Src/GPIO_program.o
 .debug_abbrev  0x00000000000000f1      0x134 ./Core/Src/LCD_interface.o
 .debug_abbrev  0x0000000000000225       0xdb ./Core/Src/RCC_program.o
 .debug_abbrev  0x0000000000000300      0x200 ./Core/Src/adc.o
 .debug_abbrev  0x0000000000000500      0x2e4 ./Core/Src/freertos.o
 .debug_abbrev  0x00000000000007e4      0x122 ./Core/Src/gpio.o
 .debug_abbrev  0x0000000000000906      0x27c ./Core/Src/main.o
 .debug_abbrev  0x0000000000000b82      0x107 ./Core/Src/stm32f1xx_hal_msp.o
 .debug_abbrev  0x0000000000000c89      0x1aa ./Core/Src/stm32f1xx_it.o
 .debug_abbrev  0x0000000000000e33      0x13f ./Core/Src/system_stm32f1xx.o
 .debug_abbrev  0x0000000000000f72      0x232 ./Core/Src/tim.o
 .debug_abbrev  0x00000000000011a4       0x12 ./Core/Startup/startup_stm32f103c8tx.o
 .debug_abbrev  0x00000000000011b6      0x201 ./Drivers/STM32F1xx_HAL_Driver/Src/stm32f1xx_hal.o
 .debug_abbrev  0x00000000000013b7      0x225 ./Drivers/STM32F1xx_HAL_Driver/Src/stm32f1xx_hal_adc.o
 .debug_abbrev  0x00000000000015dc      0x249 ./Drivers/STM32F1xx_HAL_Driver/Src/stm32f1xx_hal_adc_ex.o
 .debug_abbrev  0x0000000000001825      0x2f8 ./Drivers/STM32F1xx_HAL_Driver/Src/stm32f1xx_hal_cortex.o
 .debug_abbrev  0x0000000000001b1d      0x1ca ./Drivers/STM32F1xx_HAL_Driver/Src/stm32f1xx_hal_gpio.o
 .debug_abbrev  0x0000000000001ce7      0x2b3 ./Drivers/STM32F1xx_HAL_Driver/Src/stm32f1xx_hal_rcc.o
 .debug_abbrev  0x0000000000001f9a      0x188 ./Drivers/STM32F1xx_HAL_Driver/Src/stm32f1xx_hal_rcc_ex.o
 .debug_abbrev  0x0000000000002122      0x277 ./Drivers/STM32F1xx_HAL_Driver/Src/stm32f1xx_hal_tim.o
 .debug_abbrev  0x0000000000002399      0x282 ./Drivers/STM32F1xx_HAL_Driver/Src/stm32f1xx_hal_tim_ex.o
 .debug_abbrev  0x000000000000261b      0x433 ./Middlewares/Third_Party/FreeRTOS/Source/CMSIS_RTOS_V2/cmsis_os2.o
 .debug_abbrev  0x0000000000002a4e      0x322 ./Middlewares/Third_Party/FreeRTOS/Source/event_groups.o
 .debug_abbrev  0x0000000000002d70       0xf5 ./Middlewares/Third_Party/FreeRTOS/Source/list.o
 .debug_abbrev  0x0000000000002e65      0x3ce ./Middlewares/Third_Party/FreeRTOS/Source/queue.o
 .debug_abbrev  0x0000000000003233      0x385 ./Middlewares/Third_Party/FreeRTOS/Source/tasks.o
 .debug_abbrev  0x00000000000035b8      0x348 ./Middlewares/Third_Party/FreeRTOS/Source/timers.o
 .debug_abbrev  0x0000000000003900      0x258 ./Middlewares/Third_Party/FreeRTOS/Source/portable/GCC/ARM_CM3/port.o
 .debug_abbrev  0x0000000000003b58      0x205 ./Middlewares/Third_Party/FreeRTOS/Source/portable/MemMang/heap_4.o

.debug_aranges  0x0000000000000000     0x1440
 .debug_aranges
                0x0000000000000000       0x30 ./Core/Src/GPIO_program.o
 .debug_aranges
                0x0000000000000030       0x70 ./Core/Src/LCD_interface.o
 .debug_aranges
                0x00000000000000a0       0x30 ./Core/Src/RCC_program.o
 .debug_aranges
                0x00000000000000d0       0x30 ./Core/Src/adc.o
 .debug_aranges
                0x0000000000000100       0x58 ./Core/Src/freertos.o
 .debug_aranges
                0x0000000000000158       0x20 ./Core/Src/gpio.o
 .debug_aranges
                0x0000000000000178       0x38 ./Core/Src/main.o
 .debug_aranges
                0x00000000000001b0       0x20 ./Core/Src/stm32f1xx_hal_msp.o
 .debug_aranges
                0x00000000000001d0       0x58 ./Core/Src/stm32f1xx_it.o
 .debug_aranges
                0x0000000000000228       0x28 ./Core/Src/system_stm32f1xx.o
 .debug_aranges
                0x0000000000000250       0x38 ./Core/Src/tim.o
 .debug_aranges
                0x0000000000000288       0x28 ./Core/Startup/startup_stm32f103c8tx.o
 .debug_aranges
                0x00000000000002b0       0xe0 ./Drivers/STM32F1xx_HAL_Driver/Src/stm32f1xx_hal.o
 .debug_aranges
                0x0000000000000390       0xf0 ./Drivers/STM32F1xx_HAL_Driver/Src/stm32f1xx_hal_adc.o
 .debug_aranges
                0x0000000000000480       0x80 ./Drivers/STM32F1xx_HAL_Driver/Src/stm32f1xx_hal_adc_ex.o
 .debug_aranges
                0x0000000000000500      0x100 ./Drivers/STM32F1xx_HAL_Driver/Src/stm32f1xx_hal_cortex.o
 .debug_aranges
                0x0000000000000600       0x58 ./Drivers/STM32F1xx_HAL_Driver/Src/stm32f1xx_hal_gpio.o
 .debug_aranges
                0x0000000000000658       0x90 ./Drivers/STM32F1xx_HAL_Driver/Src/stm32f1xx_hal_rcc.o
 .debug_aranges
                0x00000000000006e8       0x30 ./Drivers/STM32F1xx_HAL_Driver/Src/stm32f1xx_hal_rcc_ex.o
 .debug_aranges
                0x0000000000000718      0x3d0 ./Drivers/STM32F1xx_HAL_Driver/Src/stm32f1xx_hal_tim.o
 .debug_aranges
                0x0000000000000ae8      0x168 ./Drivers/STM32F1xx_HAL_Driver/Src/stm32f1xx_hal_tim_ex.o
 .debug_aranges
                0x0000000000000c50      0x228 ./Middlewares/Third_Party/FreeRTOS/Source/CMSIS_RTOS_V2/cmsis_os2.o
 .debug_aranges
                0x0000000000000e78       0x90 ./Middlewares/Third_Party/FreeRTOS/Source/event_groups.o
 .debug_aranges
                0x0000000000000f08       0x40 ./Middlewares/Third_Party/FreeRTOS/Source/list.o
 .debug_aranges
                0x0000000000000f48      0x158 ./Middlewares/Third_Party/FreeRTOS/Source/queue.o
 .debug_aranges
                0x00000000000010a0      0x1f8 ./Middlewares/Third_Party/FreeRTOS/Source/tasks.o
 .debug_aranges
                0x0000000000001298       0xe0 ./Middlewares/Third_Party/FreeRTOS/Source/timers.o
 .debug_aranges
                0x0000000000001378       0x78 ./Middlewares/Third_Party/FreeRTOS/Source/portable/GCC/ARM_CM3/port.o
 .debug_aranges
                0x00000000000013f0       0x50 ./Middlewares/Third_Party/FreeRTOS/Source/portable/MemMang/heap_4.o

.debug_rnglists
                0x0000000000000000      0xf85
 .debug_rnglists
                0x0000000000000000       0x21 ./Core/Src/GPIO_program.o
 .debug_rnglists
                0x0000000000000021       0x53 ./Core/Src/LCD_interface.o
 .debug_rnglists
                0x0000000000000074       0x1f ./Core/Src/RCC_program.o
 .debug_rnglists
                0x0000000000000093       0x21 ./Core/Src/adc.o
 .debug_rnglists
                0x00000000000000b4       0x43 ./Core/Src/freertos.o
 .debug_rnglists
                0x00000000000000f7       0x13 ./Core/Src/gpio.o
 .debug_rnglists
                0x000000000000010a       0x26 ./Core/Src/main.o
 .debug_rnglists
                0x0000000000000130       0x13 ./Core/Src/stm32f1xx_hal_msp.o
 .debug_rnglists
                0x0000000000000143       0x3d ./Core/Src/stm32f1xx_it.o
 .debug_rnglists
                0x0000000000000180       0x1a ./Core/Src/system_stm32f1xx.o
 .debug_rnglists
                0x000000000000019a       0x26 ./Core/Src/tim.o
 .debug_rnglists
                0x00000000000001c0       0x19 ./Core/Startup/startup_stm32f103c8tx.o
 .debug_rnglists
                0x00000000000001d9       0xa3 ./Drivers/STM32F1xx_HAL_Driver/Src/stm32f1xx_hal.o
 .debug_rnglists
                0x000000000000027c       0xbc ./Drivers/STM32F1xx_HAL_Driver/Src/stm32f1xx_hal_adc.o
 .debug_rnglists
                0x0000000000000338       0x65 ./Drivers/STM32F1xx_HAL_Driver/Src/stm32f1xx_hal_adc_ex.o
 .debug_rnglists
                0x000000000000039d       0xbb ./Drivers/STM32F1xx_HAL_Driver/Src/stm32f1xx_hal_cortex.o
 .debug_rnglists
                0x0000000000000458       0x3f ./Drivers/STM32F1xx_HAL_Driver/Src/stm32f1xx_hal_gpio.o
 .debug_rnglists
                0x0000000000000497       0x6c ./Drivers/STM32F1xx_HAL_Driver/Src/stm32f1xx_hal_rcc.o
 .debug_rnglists
                0x0000000000000503       0x21 ./Drivers/STM32F1xx_HAL_Driver/Src/stm32f1xx_hal_rcc_ex.o
 .debug_rnglists
                0x0000000000000524      0x31a ./Drivers/STM32F1xx_HAL_Driver/Src/stm32f1xx_hal_tim.o
 .debug_rnglists
                0x000000000000083e      0x125 ./Drivers/STM32F1xx_HAL_Driver/Src/stm32f1xx_hal_tim_ex.o
 .debug_rnglists
                0x0000000000000963      0x1b4 ./Middlewares/Third_Party/FreeRTOS/Source/CMSIS_RTOS_V2/cmsis_os2.o
 .debug_rnglists
                0x0000000000000b17       0x6a ./Middlewares/Third_Party/FreeRTOS/Source/event_groups.o
 .debug_rnglists
                0x0000000000000b81       0x2b ./Middlewares/Third_Party/FreeRTOS/Source/list.o
 .debug_rnglists
                0x0000000000000bac      0x109 ./Middlewares/Third_Party/FreeRTOS/Source/queue.o
 .debug_rnglists
                0x0000000000000cb5      0x194 ./Middlewares/Third_Party/FreeRTOS/Source/tasks.o
 .debug_rnglists
                0x0000000000000e49       0xab ./Middlewares/Third_Party/FreeRTOS/Source/timers.o
 .debug_rnglists
                0x0000000000000ef4       0x56 ./Middlewares/Third_Party/FreeRTOS/Source/portable/GCC/ARM_CM3/port.o
 .debug_rnglists
                0x0000000000000f4a       0x3b ./Middlewares/Third_Party/FreeRTOS/Source/portable/MemMang/heap_4.o

.debug_macro    0x0000000000000000    0x19e2b
 .debug_macro   0x0000000000000000       0x48 ./Core/Src/GPIO_program.o
 .debug_macro   0x0000000000000048      0xa9c ./Core/Src/GPIO_program.o
 .debug_macro   0x0000000000000ae4       0x22 ./Core/Src/GPIO_program.o
 .debug_macro   0x0000000000000b06       0xe8 ./Core/Src/GPIO_program.o
 .debug_macro   0x0000000000000bee       0x2e ./Core/Src/GPIO_program.o
 .debug_macro   0x0000000000000c1c       0x4b ./Core/Src/LCD_interface.o
 .debug_macro   0x0000000000000c67       0x3a ./Core/Src/LCD_interface.o
 .debug_macro   0x0000000000000ca1       0x82 ./Core/Src/LCD_interface.o
 .debug_macro   0x0000000000000d23       0x3f ./Core/Src/RCC_program.o
 .debug_macro   0x0000000000000d62       0x2e ./Core/Src/RCC_program.o
 .debug_macro   0x0000000000000d90       0x6d ./Core/Src/RCC_program.o
 .debug_macro   0x0000000000000dfd       0x1c ./Core/Src/RCC_program.o
 .debug_macro   0x0000000000000e19      0x1c1 ./Core/Src/adc.o
 .debug_macro   0x0000000000000fda      0x21b ./Core/Src/adc.o
 .debug_macro   0x00000000000011f5       0x2e ./Core/Src/adc.o
 .debug_macro   0x0000000000001223       0x22 ./Core/Src/adc.o
 .debug_macro   0x0000000000001245       0x22 ./Core/Src/adc.o
 .debug_macro   0x0000000000001267       0x8e ./Core/Src/adc.o
 .debug_macro   0x00000000000012f5       0x51 ./Core/Src/adc.o
 .debug_macro   0x0000000000001346      0x103 ./Core/Src/adc.o
 .debug_macro   0x0000000000001449       0x6a ./Core/Src/adc.o
 .debug_macro   0x00000000000014b3      0x1df ./Core/Src/adc.o
 .debug_macro   0x0000000000001692       0x1c ./Core/Src/adc.o
 .debug_macro   0x00000000000016ae       0x22 ./Core/Src/adc.o
 .debug_macro   0x00000000000016d0       0xbd ./Core/Src/adc.o
 .debug_macro   0x000000000000178d      0xd23 ./Core/Src/adc.o
 .debug_macro   0x00000000000024b0     0xe09e ./Core/Src/adc.o
 .debug_macro   0x000000000001054e       0x6d ./Core/Src/adc.o
 .debug_macro   0x00000000000105bb     0x348d ./Core/Src/adc.o
 .debug_macro   0x0000000000013a48      0x174 ./Core/Src/adc.o
 .debug_macro   0x0000000000013bbc       0x5c ./Core/Src/adc.o
 .debug_macro   0x0000000000013c18      0x5bc ./Core/Src/adc.o
 .debug_macro   0x00000000000141d4      0x289 ./Core/Src/adc.o
 .debug_macro   0x000000000001445d      0x1cb ./Core/Src/adc.o
 .debug_macro   0x0000000000014628      0x114 ./Core/Src/adc.o
 .debug_macro   0x000000000001473c      0x1b2 ./Core/Src/adc.o
 .debug_macro   0x00000000000148ee       0x27 ./Core/Src/adc.o
 .debug_macro   0x0000000000014915      0x136 ./Core/Src/adc.o
 .debug_macro   0x0000000000014a4b      0x1bc ./Core/Src/adc.o
 .debug_macro   0x0000000000014c07       0x34 ./Core/Src/adc.o
 .debug_macro   0x0000000000014c3b       0x3c ./Core/Src/adc.o
 .debug_macro   0x0000000000014c77       0x57 ./Core/Src/adc.o
 .debug_macro   0x0000000000014cce      0x46a ./Core/Src/adc.o
 .debug_macro   0x0000000000015138      0x1b5 ./Core/Src/adc.o
 .debug_macro   0x00000000000152ed       0x87 ./Core/Src/adc.o
 .debug_macro   0x0000000000015374      0x240 ./Core/Src/adc.o
 .debug_macro   0x00000000000155b4      0x140 ./Core/Src/adc.o
 .debug_macro   0x00000000000156f4      0x8ed ./Core/Src/adc.o
 .debug_macro   0x0000000000015fe1       0x83 ./Core/Src/adc.o
 .debug_macro   0x0000000000016064      0x2a8 ./Core/Src/freertos.o
 .debug_macro   0x000000000001630c      0x11c ./Core/Src/freertos.o
 .debug_macro   0x0000000000016428      0x15a ./Core/Src/freertos.o
 .debug_macro   0x0000000000016582       0xc2 ./Core/Src/freertos.o
 .debug_macro   0x0000000000016644       0x10 ./Core/Src/freertos.o
 .debug_macro   0x0000000000016654       0x1f ./Core/Src/freertos.o
 .debug_macro   0x0000000000016673      0x47f ./Core/Src/freertos.o
 .debug_macro   0x0000000000016af2       0xb5 ./Core/Src/freertos.o
 .debug_macro   0x0000000000016ba7       0x8c ./Core/Src/freertos.o
 .debug_macro   0x0000000000016c33       0x5b ./Core/Src/freertos.o
 .debug_macro   0x0000000000016c8e       0x74 ./Core/Src/freertos.o
 .debug_macro   0x0000000000016d02       0xdd ./Core/Src/freertos.o
 .debug_macro   0x0000000000016ddf       0x8d ./Core/Src/freertos.o
 .debug_macro   0x0000000000016e6c       0x91 ./Core/Src/freertos.o
 .debug_macro   0x0000000000016efd      0x1c1 ./Core/Src/gpio.o
 .debug_macro   0x00000000000170be      0x298 ./Core/Src/main.o
 .debug_macro   0x0000000000017356      0x11c ./Core/Src/main.o
 .debug_macro   0x0000000000017472      0x1b7 ./Core/Src/stm32f1xx_hal_msp.o
 .debug_macro   0x0000000000017629      0x229 ./Core/Src/stm32f1xx_it.o
 .debug_macro   0x0000000000017852      0x1ad ./Core/Src/system_stm32f1xx.o
 .debug_macro   0x00000000000179ff      0x1c1 ./Core/Src/tim.o
 .debug_macro   0x0000000000017bc0      0x1d1 ./Drivers/STM32F1xx_HAL_Driver/Src/stm32f1xx_hal.o
 .debug_macro   0x0000000000017d91      0x1ca ./Drivers/STM32F1xx_HAL_Driver/Src/stm32f1xx_hal_adc.o
 .debug_macro   0x0000000000017f5b      0x1bf ./Drivers/STM32F1xx_HAL_Driver/Src/stm32f1xx_hal_adc_ex.o
 .debug_macro   0x000000000001811a      0x1ad ./Drivers/STM32F1xx_HAL_Driver/Src/stm32f1xx_hal_cortex.o
 .debug_macro   0x00000000000182c7      0x218 ./Drivers/STM32F1xx_HAL_Driver/Src/stm32f1xx_hal_gpio.o
 .debug_macro   0x00000000000184df      0x1bf ./Drivers/STM32F1xx_HAL_Driver/Src/stm32f1xx_hal_rcc.o
 .debug_macro   0x000000000001869e      0x1ad ./Drivers/STM32F1xx_HAL_Driver/Src/stm32f1xx_hal_rcc_ex.o
 .debug_macro   0x000000000001884b      0x1ae ./Drivers/STM32F1xx_HAL_Driver/Src/stm32f1xx_hal_tim.o
 .debug_macro   0x00000000000189f9      0x1ad ./Drivers/STM32F1xx_HAL_Driver/Src/stm32f1xx_hal_tim_ex.o
 .debug_macro   0x0000000000018ba6      0x247 ./Middlewares/Third_Party/FreeRTOS/Source/CMSIS_RTOS_V2/cmsis_os2.o
 .debug_macro   0x0000000000018ded       0x10 ./Middlewares/Third_Party/FreeRTOS/Source/CMSIS_RTOS_V2/cmsis_os2.o
 .debug_macro   0x0000000000018dfd       0x20 ./Middlewares/Third_Party/FreeRTOS/Source/CMSIS_RTOS_V2/cmsis_os2.o
 .debug_macro   0x0000000000018e1d       0x10 ./Middlewares/Third_Party/FreeRTOS/Source/CMSIS_RTOS_V2/cmsis_os2.o
 .debug_macro   0x0000000000018e2d       0xb7 ./Middlewares/Third_Party/FreeRTOS/Source/CMSIS_RTOS_V2/cmsis_os2.o
 .debug_macro   0x0000000000018ee4       0x9a ./Middlewares/Third_Party/FreeRTOS/Source/CMSIS_RTOS_V2/cmsis_os2.o
 .debug_macro   0x0000000000018f7e      0x1e2 ./Middlewares/Third_Party/FreeRTOS/Source/event_groups.o
 .debug_macro   0x0000000000019160      0x10e ./Middlewares/Third_Party/FreeRTOS/Source/event_groups.o
 .debug_macro   0x000000000001926e       0x8d ./Middlewares/Third_Party/FreeRTOS/Source/event_groups.o
 .debug_macro   0x00000000000192fb      0x187 ./Middlewares/Third_Party/FreeRTOS/Source/list.o
 .debug_macro   0x0000000000019482      0x212 ./Middlewares/Third_Party/FreeRTOS/Source/queue.o
 .debug_macro   0x0000000000019694       0x16 ./Middlewares/Third_Party/FreeRTOS/Source/queue.o
 .debug_macro   0x00000000000196aa      0x287 ./Middlewares/Third_Party/FreeRTOS/Source/tasks.o
 .debug_macro   0x0000000000019931       0x10 ./Middlewares/Third_Party/FreeRTOS/Source/tasks.o
 .debug_macro   0x0000000000019941      0x1ca ./Middlewares/Third_Party/FreeRTOS/Source/timers.o
 .debug_macro   0x0000000000019b0b      0x172 ./Middlewares/Third_Party/FreeRTOS/Source/portable/GCC/ARM_CM3/port.o
 .debug_macro   0x0000000000019c7d      0x1ae ./Middlewares/Third_Party/FreeRTOS/Source/portable/MemMang/heap_4.o

.debug_line     0x0000000000000000    0x17837
 .debug_line    0x0000000000000000      0x284 ./Core/Src/GPIO_program.o
 .debug_line    0x0000000000000284      0x3e6 ./Core/Src/LCD_interface.o
 .debug_line    0x000000000000066a      0x123 ./Core/Src/RCC_program.o
 .debug_line    0x000000000000078d      0x79a ./Core/Src/adc.o
 .debug_line    0x0000000000000f27      0xb17 ./Core/Src/freertos.o
 .debug_line    0x0000000000001a3e      0x71f ./Core/Src/gpio.o
 .debug_line    0x000000000000215d      0x99e ./Core/Src/main.o
 .debug_line    0x0000000000002afb      0x717 ./Core/Src/stm32f1xx_hal_msp.o
 .debug_line    0x0000000000003212      0x8d5 ./Core/Src/stm32f1xx_it.o
 .debug_line    0x0000000000003ae7      0x794 ./Core/Src/system_stm32f1xx.o
 .debug_line    0x000000000000427b      0x7fa ./Core/Src/tim.o
 .debug_line    0x0000000000004a75       0x78 ./Core/Startup/startup_stm32f103c8tx.o
 .debug_line    0x0000000000004aed      0x9c1 ./Drivers/STM32F1xx_HAL_Driver/Src/stm32f1xx_hal.o
 .debug_line    0x00000000000054ae     0x103e ./Drivers/STM32F1xx_HAL_Driver/Src/stm32f1xx_hal_adc.o
 .debug_line    0x00000000000064ec      0xd78 ./Drivers/STM32F1xx_HAL_Driver/Src/stm32f1xx_hal_adc_ex.o
 .debug_line    0x0000000000007264      0xba9 ./Drivers/STM32F1xx_HAL_Driver/Src/stm32f1xx_hal_cortex.o
 .debug_line    0x0000000000007e0d      0xa5a ./Drivers/STM32F1xx_HAL_Driver/Src/stm32f1xx_hal_gpio.o
 .debug_line    0x0000000000008867      0xdca ./Drivers/STM32F1xx_HAL_Driver/Src/stm32f1xx_hal_rcc.o
 .debug_line    0x0000000000009631      0x905 ./Drivers/STM32F1xx_HAL_Driver/Src/stm32f1xx_hal_rcc_ex.o
 .debug_line    0x0000000000009f36     0x34ad ./Drivers/STM32F1xx_HAL_Driver/Src/stm32f1xx_hal_tim.o
 .debug_line    0x000000000000d3e3     0x1920 ./Drivers/STM32F1xx_HAL_Driver/Src/stm32f1xx_hal_tim_ex.o
 .debug_line    0x000000000000ed03     0x24db ./Middlewares/Third_Party/FreeRTOS/Source/CMSIS_RTOS_V2/cmsis_os2.o
 .debug_line    0x00000000000111de      0xb8b ./Middlewares/Third_Party/FreeRTOS/Source/event_groups.o
 .debug_line    0x0000000000011d69      0x78b ./Middlewares/Third_Party/FreeRTOS/Source/list.o
 .debug_line    0x00000000000124f4     0x174e ./Middlewares/Third_Party/FreeRTOS/Source/queue.o
 .debug_line    0x0000000000013c42     0x1db8 ./Middlewares/Third_Party/FreeRTOS/Source/tasks.o
 .debug_line    0x00000000000159fa      0xd22 ./Middlewares/Third_Party/FreeRTOS/Source/timers.o
 .debug_line    0x000000000001671c      0x7ce ./Middlewares/Third_Party/FreeRTOS/Source/portable/GCC/ARM_CM3/port.o
 .debug_line    0x0000000000016eea      0x94d ./Middlewares/Third_Party/FreeRTOS/Source/portable/MemMang/heap_4.o

.debug_str      0x0000000000000000    0x974c0
 .debug_str     0x0000000000000000     0x3227 ./Core/Src/GPIO_program.o
                                       0x3279 (size before relaxing)
 .debug_str     0x0000000000003227      0x3d4 ./Core/Src/LCD_interface.o
                                       0x3506 (size before relaxing)
 .debug_str     0x00000000000035fb      0x408 ./Core/Src/RCC_program.o
                                       0x328d (size before relaxing)
 .debug_str     0x0000000000003a03    0x838cd ./Core/Src/adc.o
                                      0x86ae2 (size before relaxing)
 .debug_str     0x00000000000872d0     0x5cea ./Core/Src/freertos.o
                                      0x8ca72 (size before relaxing)
 .debug_str     0x000000000008cfba       0x2c ./Core/Src/gpio.o
                                      0x863e6 (size before relaxing)
 .debug_str     0x000000000008cfe6      0x53d ./Core/Src/main.o
                                      0x8b3c0 (size before relaxing)
 .debug_str     0x000000000008d523       0x2c ./Core/Src/stm32f1xx_hal_msp.o
                                      0x86670 (size before relaxing)
 .debug_str     0x000000000008d54f       0xec ./Core/Src/stm32f1xx_it.o
                                      0x89ff1 (size before relaxing)
 .debug_str     0x000000000008d63b       0x7e ./Core/Src/system_stm32f1xx.o
                                      0x863d5 (size before relaxing)
 .debug_str     0x000000000008d6b9      0x29c ./Core/Src/tim.o
                                      0x86b7e (size before relaxing)
 .debug_str     0x000000000008d955       0x34 ./Core/Startup/startup_stm32f103c8tx.o